Archive member included to satisfy reference by file (symbol)

app/libapp.a(main.c.obj)      (--whole-archive)
app/libapp.a(state_machine.c.obj)
                              (--whole-archive)
zephyr/libzephyr.a(heap.c.obj)
                              (--whole-archive)
zephyr/libzephyr.a(cbprintf_packaged.c.obj)
                              (--whole-archive)
zephyr/libzephyr.a(clock.c.obj)
                              (--whole-archive)
zephyr/libzephyr.a(printk.c.obj)
                              (--whole-archive)
zephyr/libzephyr.a(sem.c.obj)
                              (--whole-archive)
zephyr/libzephyr.a(thread_entry.c.obj)
                              (--whole-archive)
zephyr/libzephyr.a(cbprintf_complete.c.obj)
                              (--whole-archive)
zephyr/libzephyr.a(assert.c.obj)
                              (--whole-archive)
zephyr/libzephyr.a(dec.c.obj)
                              (--whole-archive)
zephyr/libzephyr.a(hex.c.obj)
                              (--whole-archive)
zephyr/libzephyr.a(rb.c.obj)  (--whole-archive)
zephyr/libzephyr.a(timeutil.c.obj)
                              (--whole-archive)
zephyr/libzephyr.a(bitarray.c.obj)
                              (--whole-archive)
zephyr/libzephyr.a(onoff.c.obj)
                              (--whole-archive)
zephyr/libzephyr.a(notify.c.obj)
                              (--whole-archive)
zephyr/libzephyr.a(ring_buffer.c.obj)
                              (--whole-archive)
zephyr/libzephyr.a(last_section_id.c.obj)
                              (--whole-archive)
zephyr/libzephyr.a(configs.c.obj)
                              (--whole-archive)
zephyr/libzephyr.a(mem_attr.c.obj)
                              (--whole-archive)
zephyr/libzephyr.a(tracing_none.c.obj)
                              (--whole-archive)
zephyr/arch/common/libarch__common.a(sw_isr_common.c.obj)
                              (--whole-archive)
zephyr/arch/arch/arm/core/libarch__arm__core.a(fatal.c.obj)
                              (--whole-archive)
zephyr/arch/arch/arm/core/libarch__arm__core.a(nmi.c.obj)
                              (--whole-archive)
zephyr/arch/arch/arm/core/libarch__arm__core.a(nmi_on_reset.S.obj)
                              (--whole-archive)
zephyr/arch/arch/arm/core/libarch__arm__core.a(tls.c.obj)
                              (--whole-archive)
zephyr/arch/arch/arm/core/cortex_m/libarch__arm__core__cortex_m.a(exc_exit.c.obj)
                              (--whole-archive)
zephyr/arch/arch/arm/core/cortex_m/libarch__arm__core__cortex_m.a(fault.c.obj)
                              (--whole-archive)
zephyr/arch/arch/arm/core/cortex_m/libarch__arm__core__cortex_m.a(fault_s.S.obj)
                              (--whole-archive)
zephyr/arch/arch/arm/core/cortex_m/libarch__arm__core__cortex_m.a(fpu.c.obj)
                              (--whole-archive)
zephyr/arch/arch/arm/core/cortex_m/libarch__arm__core__cortex_m.a(reset.S.obj)
                              (--whole-archive)
zephyr/arch/arch/arm/core/cortex_m/libarch__arm__core__cortex_m.a(scb.c.obj)
                              (--whole-archive)
zephyr/arch/arch/arm/core/cortex_m/libarch__arm__core__cortex_m.a(thread_abort.c.obj)
                              (--whole-archive)
zephyr/arch/arch/arm/core/cortex_m/libarch__arm__core__cortex_m.a(vector_table.S.obj)
                              (--whole-archive)
zephyr/arch/arch/arm/core/cortex_m/libarch__arm__core__cortex_m.a(swap_helper.S.obj)
                              (--whole-archive)
zephyr/arch/arch/arm/core/cortex_m/libarch__arm__core__cortex_m.a(irq_manage.c.obj)
                              (--whole-archive)
zephyr/arch/arch/arm/core/cortex_m/libarch__arm__core__cortex_m.a(prep_c.c.obj)
                              (--whole-archive)
zephyr/arch/arch/arm/core/cortex_m/libarch__arm__core__cortex_m.a(thread.c.obj)
                              (--whole-archive)
zephyr/arch/arch/arm/core/cortex_m/libarch__arm__core__cortex_m.a(cpu_idle.c.obj)
                              (--whole-archive)
zephyr/arch/arch/arm/core/cortex_m/libarch__arm__core__cortex_m.a(irq_init.c.obj)
                              (--whole-archive)
zephyr/arch/arch/arm/core/cortex_m/libarch__arm__core__cortex_m.a(isr_wrapper.c.obj)
                              (--whole-archive)
zephyr/arch/arch/arm/core/cortex_m/libarch__arm__core__cortex_m.a(__aeabi_read_tp.S.obj)
                              (--whole-archive)
zephyr/arch/arch/arm/core/mpu/libarch__arm__core__mpu.a(arm_core_mpu.c.obj)
                              (--whole-archive)
zephyr/arch/arch/arm/core/mpu/libarch__arm__core__mpu.a(arm_mpu.c.obj)
                              (--whole-archive)
zephyr/arch/arch/arm/core/mpu/libarch__arm__core__mpu.a(arm_mpu_regions.c.obj)
                              (--whole-archive)
zephyr/lib/libc/picolibc/liblib__libc__picolibc.a(assert.c.obj)
                              (--whole-archive)
zephyr/lib/libc/picolibc/liblib__libc__picolibc.a(cbprintf.c.obj)
[...]
Memory Configuration

Name             Origin             Length             Attributes
FLASH            0x0000000000000000 0x0000000000100000 xr
RAM              0x0000000020000000 0x0000000000040000 xw
IDT_LIST         0x00000000ffff7fff 0x0000000000008000 xw
*default*        0x0000000000000000 0xffffffffffffffff

Linker script and memory map

                0x0000000000003c0c                vfprintf = __l_vfprintf
                0x0000000000000000                vfscanf = __l_vfscanf
LOAD zephyr/CMakeFiles/zephyr_pre0.dir/misc/empty_file.c.obj
LOAD zephyr/CMakeFiles/offsets.dir/./arch/arm/core/offsets/offsets.c.obj
LOAD app/libapp.a
LOAD zephyr/libzephyr.a
LOAD zephyr/arch/common/libarch__common.a
LOAD zephyr/arch/arch/arm/core/libarch__arm__core.a
LOAD zephyr/arch/arch/arm/core/cortex_m/libarch__arm__core__cortex_m.a
LOAD zephyr/arch/arch/arm/core/mpu/libarch__arm__core__mpu.a
LOAD zephyr/lib/libc/picolibc/liblib__libc__picolibc.a
LOAD zephyr/lib/libc/common/liblib__libc__common.a
LOAD zephyr/lib/smf/liblib__smf.a
LOAD zephyr/soc/soc/nrf52840/libsoc__nordic.a
LOAD zephyr/drivers/clock_control/libdrivers__clock_control.a
LOAD zephyr/drivers/console/libdrivers__console.a
LOAD zephyr/drivers/gpio/libdrivers__gpio.a
LOAD zephyr/drivers/pinctrl/libdrivers__pinctrl.a
LOAD zephyr/drivers/serial/libdrivers__serial.a
LOAD zephyr/drivers/timer/libdrivers__timer.a
LOAD modules/eie_nrf52840.git/drivers/BTN/lib..__eie_nrf52840.git__drivers__BTN.a
LOAD modules/eie_nrf52840.git/drivers/LED/lib..__eie_nrf52840.git__drivers__LED.a
LOAD modules/hal_nordic/nrfx/libmodules__hal_nordic__nrfx.a
LOAD zephyr/kernel/libkernel.a
LOAD zephyr/arch/common/libisr_tables.a
LOAD c:\users\ysama\zephyr-sdk-0.17.2\arm-zephyr-eabi\bin\../lib/gcc/../../picolibc/arm-zephyr-eabi/lib/thumb/v7e-m/nofp\libc.a
LOAD c:/users/ysama/zephyr-sdk-0.17.2/arm-zephyr-eabi/bin/../lib/gcc/arm-zephyr-eabi/12.2.0/thumb/v7e-m/nofp\libgcc.a
                0x0000000000000020                _region_min_align = 0x20

.rel.plt        0x0000000000000000        0x0
 *(SORT_BY_ALIGNMENT(.rel.plt))
                [!provide]                        PROVIDE (__rel_iplt_start = .)
 *(SORT_BY_ALIGNMENT(.rel.iplt))
 .rel.iplt      0x0000000000000000        0x0 app/libapp.a(main.c.obj)
                [!provide]                        PROVIDE (__rel_iplt_end = .)

.rela.plt       0x0000000000000000        0x0
 *(SORT_BY_ALIGNMENT(.rela.plt))
                [!provide]                        PROVIDE (__rela_iplt_start = .)
 *(SORT_BY_ALIGNMENT(.rela.iplt))
                [!provide]                        PROVIDE (__rela_iplt_end = .)

.rel.dyn
 *(SORT_BY_ALIGNMENT(.rel.*))

.rela.dyn
 *(SORT_BY_ALIGNMENT(.rela.*))

/DISCARD/
 *(SORT_BY_ALIGNMENT(.plt))

/DISCARD/
 *(SORT_BY_ALIGNMENT(.iplt))
                0x0000000000000000                __rom_region_start = 0x0

rom_start       0x0000000000000000      0x100
                0x0000000000000000                __rom_start_address = .
 FILL mask 0x00
                0x0000000000000000                . = (. + (0x0 - (. - __rom_start_address)))
                0x0000000000000000                . = ALIGN (0x4)
                0x0000000000000000                . = ALIGN (0x80)
                0x0000000000000000                . = ALIGN (0x100)
                0x0000000000000000                _vector_start = .
 *(SORT_BY_ALIGNMENT(.exc_vector_table))
 *(SORT_BY_ALIGNMENT(.exc_vector_table.*))
 .exc_vector_table._vector_table_section
                0x0000000000000000       0x40 zephyr/arch/arch/arm/core/cortex_m/libarch__arm__core__cortex_m.a(vector_table.S.obj)
                0x0000000000000000                _vector_table
 *(SORT_BY_ALIGNMENT(.vectors))
                0x0000000000000100                _vector_end = .
                0x0000000000000040                . = ALIGN (0x4)
 *(SORT_BY_ALIGNMENT(.gnu.linkonce.irq_vector_table*))
 .gnu.linkonce.irq_vector_table
                0x0000000000000040       0xc0 zephyr/arch/common/libisr_tables.a(isr_tables.c.obj)
                0x0000000000000040                _irq_vector_table
                0x0000000000000100                _vector_end = .

text            0x0000000000000100     0x4ba4
                0x0000000000000100                __text_region_start = .
 *(SORT_BY_ALIGNMENT(.text))
 *(SORT_BY_ALIGNMENT(.text.*))
 .text.led_off_state_run
                0x0000000000000100       0x28 app/libapp.a(main.c.obj)
 .text.led_on_state_run
                0x0000000000000128       0x28 app/libapp.a(main.c.obj)
 .text.state_machine_init
                0x0000000000000150       0x14 app/libapp.a(main.c.obj)
                0x0000000000000150                state_machine_init
 .text.state_machine_run
                0x0000000000000164        0xc app/libapp.a(main.c.obj)
                0x0000000000000164                state_machine_run
 .text.char_out
                0x0000000000000170        0xc zephyr/libzephyr.a(printk.c.obj)
 .text.__printk_hook_install
                0x000000000000017c        0xc zephyr/libzephyr.a(printk.c.obj)
                0x000000000000017c                __printk_hook_install
 .text.vprintk  0x0000000000000188       0x30 zephyr/libzephyr.a(printk.c.obj)
                0x0000000000000188                vprintk
 .text.z_thread_entry
                0x00000000000001b8       0x34 zephyr/libzephyr.a(thread_entry.c.obj)
                0x00000000000001b8                z_thread_entry
 .text.process_event
                0x00000000000001ec      0x21c zephyr/libzephyr.a(onoff.c.obj)
 .text.mem_attr_get_regions
                0x0000000000000408        0xc zephyr/libzephyr.a(mem_attr.c.obj)
                0x0000000000000408                mem_attr_get_regions
 .text.z_SysNmiOnReset
                0x0000000000000414        0x8 zephyr/arch/arch/arm/core/libarch__arm__core.a(nmi_on_reset.S.obj)
                0x0000000000000414                z_SysNmiOnReset
 .text.arch_tls_stack_setup
                0x000000000000041c       0x40 zephyr/arch/arch/arm/core/libarch__arm__core.a(tls.c.obj)
                0x000000000000041c                arch_tls_stack_setup
 .text._HandlerModeExit
                0x000000000000045c       0x20 zephyr/arch/arch/arm/core/cortex_m/libarch__arm__core__cortex_m.a(exc_exit.c.obj)
                0x000000000000045c                z_arm_int_exit
                0x000000000000045c                z_arm_exc_exit
 .text.mem_manage_fault
                0x000000000000047c       0xa0 zephyr/arch/arch/arm/core/cortex_m/libarch__arm__core__cortex_m.a(fault.c.obj)
 .text.usage_fault.constprop.0
                0x000000000000051c       0x54 zephyr/arch/arch/arm/core/cortex_m/libarch__arm__core__cortex_m.a(fault.c.obj)
 .text.bus_fault.constprop.0
                0x0000000000000570       0x6c zephyr/arch/arch/arm/core/cortex_m/libarch__arm__core__cortex_m.a(fault.c.obj)
 .text.z_arm_fault
                0x00000000000005dc      0x128 zephyr/arch/arch/arm/core/cortex_m/libarch__arm__core__cortex_m.a(fault.c.obj)
                0x00000000000005dc                z_arm_fault
 .text.z_arm_fault_init
                0x0000000000000704       0x18 zephyr/arch/arch/arm/core/cortex_m/libarch__arm__core__cortex_m.a(fault.c.obj)
                0x0000000000000704                z_arm_fault_init
 .text.__fault  0x000000000000071c       0x14 zephyr/arch/arch/arm/core/cortex_m/libarch__arm__core__cortex_m.a(fault_s.S.obj)
                0x000000000000071c                z_arm_usage_fault
                0x000000000000071c                z_arm_mpu_fault
                0x000000000000071c                z_arm_exc_spurious
                0x000000000000071c                z_arm_debug_monitor
                0x000000000000071c                z_arm_hard_fault
                0x000000000000071c                z_arm_bus_fault
 .text._reset_section
                0x0000000000000730       0x38 zephyr/arch/arch/arm/core/cortex_m/libarch__arm__core__cortex_m.a(reset.S.obj)
                0x0000000000000730                __start
                0x0000000000000730                z_arm_reset
 .text.z_impl_k_thread_abort
                0x0000000000000768       0x2c zephyr/arch/arch/arm/core/cortex_m/libarch__arm__core__cortex_m.a(thread_abort.c.obj)
                0x0000000000000768                z_impl_k_thread_abort
 .text.z_arm_pendsv
                0x0000000000000794       0x60 zephyr/arch/arch/arm/core/cortex_m/libarch__arm__core__cortex_m.a(swap_helper.S.obj)
                0x0000000000000794                z_arm_pendsv
 .text.z_arm_svc
                0x00000000000007f4       0x24 zephyr/arch/arch/arm/core/cortex_m/libarch__arm__core__cortex_m.a(swap_helper.S.obj)
                0x00000000000007f4                z_arm_svc
 .text.arm_irq_enable
                0x0000000000000818       0x1c zephyr/arch/arch/arm/core/cortex_m/libarch__arm__core__cortex_m.a(irq_manage.c.obj)
                0x0000000000000818                arm_irq_enable
 .text.arm_irq_is_enabled
                0x0000000000000834       0x1c zephyr/arch/arch/arm/core/cortex_m/libarch__arm__core__cortex_m.a(irq_manage.c.obj)
                0x0000000000000834                arm_irq_is_enabled
 .text.arm_irq_priority_set
                0x0000000000000850       0x30 zephyr/arch/arch/arm/core/cortex_m/libarch__arm__core__cortex_m.a(irq_manage.c.obj)
                0x0000000000000850                arm_irq_priority_set
 .text.relocate_vector_table
                0x0000000000000880       0x1c zephyr/arch/arch/arm/core/cortex_m/libarch__arm__core__cortex_m.a(prep_c.c.obj)
                0x0000000000000880                relocate_vector_table
 .text.z_prep_c
                0x000000000000089c       0x38 zephyr/arch/arch/arm/core/cortex_m/libarch__arm__core__cortex_m.a(prep_c.c.obj)
                0x000000000000089c                z_prep_c
 .text.arch_new_thread
                0x00000000000008d4       0x38 zephyr/arch/arch/arm/core/cortex_m/libarch__arm__core__cortex_m.a(thread.c.obj)
                0x00000000000008d4                arch_new_thread
 .text.z_check_thread_stack_fail
                0x000000000000090c       0x2c zephyr/arch/arch/arm/core/cortex_m/libarch__arm__core__cortex_m.a(thread.c.obj)
                0x000000000000090c                z_check_thread_stack_fail
 .text.arch_switch_to_main_thread
                0x0000000000000938       0x3c zephyr/arch/arch/arm/core/cortex_m/libarch__arm__core__cortex_m.a(thread.c.obj)
                0x0000000000000938                arch_switch_to_main_thread
 .text.z_arm_cpu_idle_init
                0x0000000000000974        0xc zephyr/arch/arch/arm/core/cortex_m/libarch__arm__core__cortex_m.a(cpu_idle.c.obj)
                0x0000000000000974                z_arm_cpu_idle_init
 .text.z_arm_interrupt_init
                0x0000000000000980       0x18 zephyr/arch/arch/arm/core/cortex_m/libarch__arm__core__cortex_m.a(irq_init.c.obj)
                0x0000000000000980                z_arm_interrupt_init
 .text._isr_wrapper
                0x0000000000000998       0x24 zephyr/arch/arch/arm/core/cortex_m/libarch__arm__core__cortex_m.a(isr_wrapper.c.obj)
                0x0000000000000998                _isr_wrapper
 .text.z_arm_configure_static_mpu_regions
                0x00000000000009bc       0x18 zephyr/arch/arch/arm/core/mpu/libarch__arm__core__mpu.a(arm_core_mpu.c.obj)
                0x00000000000009bc                z_arm_configure_static_mpu_regions
 .text.z_arm_configure_dynamic_mpu_regions
                0x00000000000009d4       0x20 zephyr/arch/arch/arm/core/mpu/libarch__arm__core__mpu.a(arm_core_mpu.c.obj)
                0x00000000000009d4                z_arm_configure_dynamic_mpu_regions
 .text.region_init
                0x00000000000009f4       0x28 zephyr/arch/arch/arm/core/mpu/libarch__arm__core__mpu.a(arm_mpu.c.obj)
 .text.mpu_configure_regions
                0x0000000000000a1c       0x6c zephyr/arch/arch/arm/core/mpu/libarch__arm__core__mpu.a(arm_mpu.c.obj)
 .text.arm_core_mpu_enable
                0x0000000000000a88       0x18 zephyr/arch/arch/arm/core/mpu/libarch__arm__core__mpu.a(arm_mpu.c.obj)
                0x0000000000000a88                arm_core_mpu_enable
 .text.arm_core_mpu_disable
                0x0000000000000aa0       0x14 zephyr/arch/arch/arm/core/mpu/libarch__arm__core__mpu.a(arm_mpu.c.obj)
                0x0000000000000aa0                arm_core_mpu_disable
 .text.arm_core_mpu_configure_static_mpu_regions
                0x0000000000000ab4       0x14 zephyr/arch/arch/arm/core/mpu/libarch__arm__core__mpu.a(arm_mpu.c.obj)
                0x0000000000000ab4                arm_core_mpu_configure_static_mpu_regions
 .text.arm_core_mpu_configure_dynamic_mpu_regions
                0x0000000000000ac8       0x38 zephyr/arch/arch/arm/core/mpu/libarch__arm__core__mpu.a(arm_mpu.c.obj)
                0x0000000000000ac8                arm_core_mpu_configure_dynamic_mpu_regions
 .text.z_arm_mpu_init
                0x0000000000000b00      0x168 zephyr/arch/arch/arm/core/mpu/libarch__arm__core__mpu.a(arm_mpu.c.obj)
                0x0000000000000b00                z_arm_mpu_init
 .text.z_impl_zephyr_fputc
                0x0000000000000c68       0x10 zephyr/lib/libc/picolibc/liblib__libc__picolibc.a(stdio.c.obj)
                0x0000000000000c68                z_impl_zephyr_fputc
 .text.__stdout_hook_install
                0x0000000000000c78       0x18 zephyr/lib/libc/picolibc/liblib__libc__picolibc.a(stdio.c.obj)
                0x0000000000000c78                __stdout_hook_install
 .text.malloc_prepare
                0x0000000000000c90       0x24 zephyr/lib/libc/common/liblib__libc__common.a(malloc.c.obj)
 .text.nordicsemi_nrf52_init
                0x0000000000000cb4       0x44 zephyr/soc/soc/nrf52840/libsoc__nordic.a(soc.c.obj)
 .text.arch_busy_wait
                0x0000000000000cf8       0x14 zephyr/soc/soc/nrf52840/libsoc__nordic.a(soc.c.obj)
                0x0000000000000cf8                arch_busy_wait
 .text.onoff_stop
                0x0000000000000d0c       0x30 zephyr/drivers/clock_control/libdrivers__clock_control.a(clock_control_nrf.c.obj)
 .text.onoff_start
                0x0000000000000d3c       0x44 zephyr/drivers/clock_control/libdrivers__clock_control.a(clock_control_nrf.c.obj)
 .text.generic_hfclk_stop
                0x0000000000000d80       0x34 zephyr/drivers/clock_control/libdrivers__clock_control.a(clock_control_nrf.c.obj)
 .text.clk_init
                0x0000000000000db4       0x58 zephyr/drivers/clock_control/libdrivers__clock_control.a(clock_control_nrf.c.obj)
 .text.api_blocking_start
                0x0000000000000e0c       0x34 zephyr/drivers/clock_control/libdrivers__clock_control.a(clock_control_nrf.c.obj)
 .text.clkstarted_handle.constprop.0
                0x0000000000000e40       0x4c zephyr/drivers/clock_control/libdrivers__clock_control.a(clock_control_nrf.c.obj)
 .text.generic_hfclk_start
                0x0000000000000e8c       0x78 zephyr/drivers/clock_control/libdrivers__clock_control.a(clock_control_nrf.c.obj)
 .text.clock_event_handler
                0x0000000000000f04       0x1c zephyr/drivers/clock_control/libdrivers__clock_control.a(clock_control_nrf.c.obj)
 .text.z_nrf_clock_control_lf_on
                0x0000000000000f20       0xfc zephyr/drivers/clock_control/libdrivers__clock_control.a(clock_control_nrf.c.obj)
                0x0000000000000f20                z_nrf_clock_control_lf_on
 .text.uart_console_init
                0x000000000000101c       0x28 zephyr/drivers/console/libdrivers__console.a(uart_console.c.obj)
 .text.console_out
                0x0000000000001044       0x28 zephyr/drivers/console/libdrivers__console.a(uart_console.c.obj)
 .text.gpio_nrfx_pin_interrupt_configure
                0x000000000000106c      0x11c zephyr/drivers/gpio/libdrivers__gpio.a(gpio_nrfx.c.obj)
 .text.nrfx_gpio_handler
                0x0000000000001188       0x4c zephyr/drivers/gpio/libdrivers__gpio.a(gpio_nrfx.c.obj)
 .text.gpio_nrfx_init
                0x00000000000011d4       0x48 zephyr/drivers/gpio/libdrivers__gpio.a(gpio_nrfx.c.obj)
 .text.gpio_nrfx_pin_configure
                0x000000000000121c      0x18c zephyr/drivers/gpio/libdrivers__gpio.a(gpio_nrfx.c.obj)
 .text.nrf_gpio_pin_port_decode
                0x00000000000013a8       0x20 zephyr/drivers/pinctrl/libdrivers__pinctrl.a(pinctrl_nrf.c.obj)
 .text.pinctrl_configure_pins
                0x00000000000013c8      0x1a4 zephyr/drivers/pinctrl/libdrivers__pinctrl.a(pinctrl_nrf.c.obj)
                0x00000000000013c8                pinctrl_configure_pins
 .text.uarte_nrfx_poll_out
                0x000000000000156c       0xb4 zephyr/drivers/serial/libdrivers__serial.a(uart_nrfx_uarte.c.obj)
 .text.uarte_0_init
                0x0000000000001620      0x108 zephyr/drivers/serial/libdrivers__serial.a(uart_nrfx_uarte.c.obj)
 .text.compare_int_lock
                0x0000000000001728       0x48 zephyr/drivers/timer/libdrivers__timer.a(nrf_rtc_timer.c.obj)
 .text.sys_clock_timeout_handler
                0x0000000000001770       0x48 zephyr/drivers/timer/libdrivers__timer.a(nrf_rtc_timer.c.obj)
 .text.compare_int_unlock
                0x00000000000017b8       0x5c zephyr/drivers/timer/libdrivers__timer.a(nrf_rtc_timer.c.obj)
 .text.z_nrf_rtc_timer_read
                0x0000000000001814       0x44 zephyr/drivers/timer/libdrivers__timer.a(nrf_rtc_timer.c.obj)
                0x0000000000001814                z_nrf_rtc_timer_read
 .text.compare_set
                0x0000000000001858      0x130 zephyr/drivers/timer/libdrivers__timer.a(nrf_rtc_timer.c.obj)
 .text.sys_clock_driver_init
                0x0000000000001988       0x90 zephyr/drivers/timer/libdrivers__timer.a(nrf_rtc_timer.c.obj)
 .text.rtc_nrf_isr
                0x0000000000001a18       0xd4 zephyr/drivers/timer/libdrivers__timer.a(nrf_rtc_timer.c.obj)
                0x0000000000001a18                rtc_nrf_isr
 .text.sys_clock_set_timeout
                0x0000000000001aec       0x5c zephyr/drivers/timer/libdrivers__timer.a(nrf_rtc_timer.c.obj)
                0x0000000000001aec                sys_clock_set_timeout
 .text.sys_clock_elapsed
                0x0000000000001b48       0x14 zephyr/drivers/timer/libdrivers__timer.a(nrf_rtc_timer.c.obj)
                0x0000000000001b48                sys_clock_elapsed
 .text._btn_interrupt_service_routine
                0x0000000000001b5c       0x30 modules/eie_nrf52840.git/drivers/BTN/lib..__eie_nrf52840.git__drivers__BTN.a(btn.c.obj)
 .text.BTN_init
                0x0000000000001b8c       0xd8 modules/eie_nrf52840.git/drivers/BTN/lib..__eie_nrf52840.git__drivers__BTN.a(btn.c.obj)
                0x0000000000001b8c                BTN_init
 .text.LED_init
                0x0000000000001c64       0xac modules/eie_nrf52840.git/drivers/LED/lib..__eie_nrf52840.git__drivers__LED.a(led.c.obj)
                0x0000000000001c64                LED_init
 .text.LED_toggle
                0x0000000000001d10       0x24 modules/eie_nrf52840.git/drivers/LED/lib..__eie_nrf52840.git__drivers__LED.a(led.c.obj)
                0x0000000000001d10                LED_toggle
 .text._led_blink_loop
                0x0000000000001d34       0x4c modules/eie_nrf52840.git/drivers/LED/lib..__eie_nrf52840.git__drivers__LED.a(led.c.obj)
                0x0000000000001d34                _led_blink_loop
 .text.LED_set  0x0000000000001d80       0x64 modules/eie_nrf52840.git/drivers/LED/lib..__eie_nrf52840.git__drivers__LED.a(led.c.obj)
                0x0000000000001d80                LED_set
 .text.nrf52_errata_98
                0x0000000000001de4       0x24 modules/hal_nordic/nrfx/libmodules__hal_nordic__nrfx.a(system_nrf52840.c.obj)
 .text.nvmc_wait
                0x0000000000001e08       0x10 modules/hal_nordic/nrfx/libmodules__hal_nordic__nrfx.a(system_nrf52840.c.obj)
                0x0000000000001e08                nvmc_wait
 .text.SystemInit
                0x0000000000001e18      0x1bc modules/hal_nordic/nrfx/libmodules__hal_nordic__nrfx.a(system_nrf52840.c.obj)
                0x0000000000001e18                SystemInit
 .text.nrfx_flag32_alloc
                0x0000000000001fd4       0x48 modules/hal_nordic/nrfx/libmodules__hal_nordic__nrfx.a(nrfx_flag32_allocator.c.obj)
                0x0000000000001fd4                nrfx_flag32_alloc
 .text.nrfx_flag32_free
                0x000000000000201c       0x40 modules/hal_nordic/nrfx/libmodules__hal_nordic__nrfx.a(nrfx_flag32_allocator.c.obj)
                0x000000000000201c                nrfx_flag32_free
 .text.nrfx_gppi_channels_enable
                0x000000000000205c        0xc modules/hal_nordic/nrfx/libmodules__hal_nordic__nrfx.a(nrfx_gppi_ppi.c.obj)
                0x000000000000205c                nrfx_gppi_channels_enable
 .text.clock_stop
                0x0000000000002068       0xc4 modules/hal_nordic/nrfx/libmodules__hal_nordic__nrfx.a(nrfx_clock.c.obj)
 .text.nrfx_clock_init
                0x000000000000212c       0x20 modules/hal_nordic/nrfx/libmodules__hal_nordic__nrfx.a(nrfx_clock.c.obj)
                0x000000000000212c                nrfx_clock_init
 .text.nrfx_clock_enable
                0x000000000000214c       0x24 modules/hal_nordic/nrfx/libmodules__hal_nordic__nrfx.a(nrfx_clock.c.obj)
                0x000000000000214c                nrfx_clock_enable
 .text.nrfx_clock_start
                0x0000000000002170       0xa8 modules/hal_nordic/nrfx/libmodules__hal_nordic__nrfx.a(nrfx_clock.c.obj)
                0x0000000000002170                nrfx_clock_start
 .text.nrfx_power_clock_irq_handler
                0x0000000000002218       0x7c modules/hal_nordic/nrfx/libmodules__hal_nordic__nrfx.a(nrfx_clock.c.obj)
                0x0000000000002218                nrfx_power_clock_irq_handler
 .text.nrf_gpio_pin_port_decode
                0x0000000000002294       0x20 modules/hal_nordic/nrfx/libmodules__hal_nordic__nrfx.a(nrfx_gpiote.c.obj)
 .text.get_pin_idx
                0x00000000000022b4       0x14 modules/hal_nordic/nrfx/libmodules__hal_nordic__nrfx.a(nrfx_gpiote.c.obj)
 .text.call_handler.constprop.0
                0x00000000000022c8       0x40 modules/hal_nordic/nrfx/libmodules__hal_nordic__nrfx.a(nrfx_gpiote.c.obj)
 .text.pin_te_get.constprop.0
                0x0000000000002308       0x18 modules/hal_nordic/nrfx/libmodules__hal_nordic__nrfx.a(nrfx_gpiote.c.obj)
 .text.pin_is_output.constprop.0
                0x0000000000002320       0x18 modules/hal_nordic/nrfx/libmodules__hal_nordic__nrfx.a(nrfx_gpiote.c.obj)
 .text.pin_in_use_by_te.constprop.0
                0x0000000000002338       0x18 modules/hal_nordic/nrfx/libmodules__hal_nordic__nrfx.a(nrfx_gpiote.c.obj)
 .text.latch_pending_read_and_check
                0x0000000000002350       0x40 modules/hal_nordic/nrfx/libmodules__hal_nordic__nrfx.a(nrfx_gpiote.c.obj)
 .text.release_handler.isra.0
                0x0000000000002390       0x58 modules/hal_nordic/nrfx/libmodules__hal_nordic__nrfx.a(nrfx_gpiote.c.obj)
 .text.__nrfy_internal_gpiote_events_process.constprop.0
                0x00000000000023e8       0x5c modules/hal_nordic/nrfx/libmodules__hal_nordic__nrfx.a(nrfx_gpiote.c.obj)
 .text.pin_uninit
                0x0000000000002444       0x80 modules/hal_nordic/nrfx/libmodules__hal_nordic__nrfx.a(nrfx_gpiote.c.obj)
 .text.nrfx_gpiote_input_configure
                0x00000000000024c4      0x174 modules/hal_nordic/nrfx/libmodules__hal_nordic__nrfx.a(nrfx_gpiote.c.obj)
                0x00000000000024c4                nrfx_gpiote_input_configure
 .text.nrfx_gpiote_output_configure
                0x0000000000002638       0xfc modules/hal_nordic/nrfx/libmodules__hal_nordic__nrfx.a(nrfx_gpiote.c.obj)
                0x0000000000002638                nrfx_gpiote_output_configure
 .text.nrfx_gpiote_global_callback_set
                0x0000000000002734        0xc modules/hal_nordic/nrfx/libmodules__hal_nordic__nrfx.a(nrfx_gpiote.c.obj)
                0x0000000000002734                nrfx_gpiote_global_callback_set
 .text.nrfx_gpiote_channel_get
                0x0000000000002740       0x34 modules/hal_nordic/nrfx/libmodules__hal_nordic__nrfx.a(nrfx_gpiote.c.obj)
                0x0000000000002740                nrfx_gpiote_channel_get
 .text.nrfx_gpiote_init
                0x0000000000002774       0x68 modules/hal_nordic/nrfx/libmodules__hal_nordic__nrfx.a(nrfx_gpiote.c.obj)
                0x0000000000002774                nrfx_gpiote_init
 .text.nrfx_gpiote_init_check
                0x00000000000027dc       0x14 modules/hal_nordic/nrfx/libmodules__hal_nordic__nrfx.a(nrfx_gpiote.c.obj)
                0x00000000000027dc                nrfx_gpiote_init_check
 .text.nrfx_gpiote_channel_free
                0x00000000000027f0        0xc modules/hal_nordic/nrfx/libmodules__hal_nordic__nrfx.a(nrfx_gpiote.c.obj)
                0x00000000000027f0                nrfx_gpiote_channel_free
 .text.nrfx_gpiote_channel_alloc
                0x00000000000027fc        0xc modules/hal_nordic/nrfx/libmodules__hal_nordic__nrfx.a(nrfx_gpiote.c.obj)
                0x00000000000027fc                nrfx_gpiote_channel_alloc
 .text.nrfx_gpiote_trigger_enable
                0x0000000000002808       0xb0 modules/hal_nordic/nrfx/libmodules__hal_nordic__nrfx.a(nrfx_gpiote.c.obj)
                0x0000000000002808                nrfx_gpiote_trigger_enable
 .text.nrfx_gpiote_0_irq_handler
                0x00000000000028b8      0x1bc modules/hal_nordic/nrfx/libmodules__hal_nordic__nrfx.a(nrfx_gpiote.c.obj)
                0x00000000000028b8                nrfx_gpiote_0_irq_handler
 .text.nrfx_ppi_channel_alloc
                0x0000000000002a74        0xc modules/hal_nordic/nrfx/libmodules__hal_nordic__nrfx.a(nrfx_ppi.c.obj)
                0x0000000000002a74                nrfx_ppi_channel_alloc
 .text.z_fatal_error
                0x0000000000002a80       0x30 zephyr/kernel/libkernel.a(fatal.c.obj)
                0x0000000000002a80                z_fatal_error
 .text.z_sys_init_run_level
                0x0000000000002ab0       0x30 zephyr/kernel/libkernel.a(init.c.obj)
 .text.bg_thread_main
                0x0000000000002ae0       0xc0 zephyr/kernel/libkernel.a(init.c.obj)
 .text.z_bss_zero
                0x0000000000002ba0       0x18 zephyr/kernel/libkernel.a(init.c.obj)
                0x0000000000002ba0                z_bss_zero
 .text.z_init_cpu
                0x0000000000002bb8       0x70 zephyr/kernel/libkernel.a(init.c.obj)
                0x0000000000002bb8                z_init_cpu
 .text.z_cstart
                0x0000000000002c28       0xd0 zephyr/kernel/libkernel.a(init.c.obj)
                0x0000000000002c28                z_cstart
 .text.z_impl_k_sem_give
                0x0000000000002cf8       0x68 zephyr/kernel/libkernel.a(sem.c.obj)
                0x0000000000002cf8                z_impl_k_sem_give
 .text.z_impl_k_sem_take
                0x0000000000002d60       0x4c zephyr/kernel/libkernel.a(sem.c.obj)
                0x0000000000002d60                z_impl_k_sem_take
 .text.work_queue_main
                0x0000000000002dac      0x14c zephyr/kernel/libkernel.a(work.c.obj)
 .text.submit_to_queue_locked
                0x0000000000002ef8       0xb8 zephyr/kernel/libkernel.a(work.c.obj)
 .text.k_work_queue_start
                0x0000000000002fb0       0x80 zephyr/kernel/libkernel.a(work.c.obj)
                0x0000000000002fb0                k_work_queue_start
 .text.k_work_reschedule_for_queue
                0x0000000000003030       0x5c zephyr/kernel/libkernel.a(work.c.obj)
                0x0000000000003030                k_work_reschedule_for_queue
 .text.k_work_reschedule
                0x000000000000308c        0xc zephyr/kernel/libkernel.a(work.c.obj)
                0x000000000000308c                k_work_reschedule
 .text.z_setup_new_thread
                0x0000000000003098       0x98 zephyr/kernel/libkernel.a(thread.c.obj)
                0x0000000000003098                z_setup_new_thread
 .text.z_impl_k_thread_create
                0x0000000000003130       0x58 zephyr/kernel/libkernel.a(thread.c.obj)
                0x0000000000003130                z_impl_k_thread_create
 .text.z_dummy_thread_init
                0x0000000000003188       0x18 zephyr/kernel/libkernel.a(thread.c.obj)
                0x0000000000003188                z_dummy_thread_init
 .text.z_swap_irqlock
                0x00000000000031a0       0x30 zephyr/kernel/libkernel.a(sched.c.obj)
 .text.ready_thread
                0x00000000000031d0       0x84 zephyr/kernel/libkernel.a(sched.c.obj)
 .text.unready_thread
                0x0000000000003254       0x54 zephyr/kernel/libkernel.a(sched.c.obj)
 .text.add_thread_timeout
                0x00000000000032a8       0x1c zephyr/kernel/libkernel.a(sched.c.obj)
 .text.move_thread_to_end_of_prio_q
                0x00000000000032c4       0x90 zephyr/kernel/libkernel.a(sched.c.obj)
                0x00000000000032c4                move_thread_to_end_of_prio_q
 .text.z_impl_k_thread_suspend
                0x0000000000003354       0xf0 zephyr/kernel/libkernel.a(sched.c.obj)
                0x0000000000003354                z_impl_k_thread_suspend
 .text.z_pend_curr
                0x0000000000003444       0x44 zephyr/kernel/libkernel.a(sched.c.obj)
                0x0000000000003444                z_pend_curr
 .text.z_reschedule
                0x0000000000003488       0x24 zephyr/kernel/libkernel.a(sched.c.obj)
                0x0000000000003488                z_reschedule
 .text.z_reschedule_irqlock
                0x00000000000034ac       0x28 zephyr/kernel/libkernel.a(sched.c.obj)
                0x00000000000034ac                z_reschedule_irqlock
 .text.k_sched_lock
                0x00000000000034d4       0x28 zephyr/kernel/libkernel.a(sched.c.obj)
                0x00000000000034d4                k_sched_lock
 .text.k_sched_unlock
                0x00000000000034fc       0x68 zephyr/kernel/libkernel.a(sched.c.obj)
                0x00000000000034fc                k_sched_unlock
 .text.z_sched_init
                0x0000000000003564       0x10 zephyr/kernel/libkernel.a(sched.c.obj)
                0x0000000000003564                z_sched_init
 .text.z_impl_k_yield
                0x0000000000003574       0x88 zephyr/kernel/libkernel.a(sched.c.obj)
                0x0000000000003574                z_impl_k_yield
 .text.z_tick_sleep
                0x00000000000035fc       0x78 zephyr/kernel/libkernel.a(sched.c.obj)
 .text.z_impl_k_wakeup
                0x0000000000003674       0x48 zephyr/kernel/libkernel.a(sched.c.obj)
                0x0000000000003674                z_impl_k_wakeup
 .text.z_impl_k_sched_current_thread_query
                0x00000000000036bc        0xc zephyr/kernel/libkernel.a(sched.c.obj)
                0x00000000000036bc                z_impl_k_sched_current_thread_query
 .text.z_thread_abort
                0x00000000000036c8      0x138 zephyr/kernel/libkernel.a(sched.c.obj)
                0x00000000000036c8                z_thread_abort
 .text.z_sched_wait
                0x0000000000003800       0x24 zephyr/kernel/libkernel.a(sched.c.obj)
                0x0000000000003800                z_sched_wait
 .text.slice_timeout
                0x0000000000003824       0x20 zephyr/kernel/libkernel.a(timeslicing.c.obj)
 .text.thread_is_sliceable
                0x0000000000003844       0x3c zephyr/kernel/libkernel.a(timeslicing.c.obj)
                0x0000000000003844                thread_is_sliceable
 .text.z_reset_time_slice
                0x0000000000003880       0x50 zephyr/kernel/libkernel.a(timeslicing.c.obj)
                0x0000000000003880                z_reset_time_slice
 .text.z_time_slice
                0x00000000000038d0       0x60 zephyr/kernel/libkernel.a(timeslicing.c.obj)
                0x00000000000038d0                z_time_slice
 .text.z_data_copy
                0x0000000000003930       0x38 zephyr/kernel/libkernel.a(xip.c.obj)
                0x0000000000003930                z_data_copy
 .text.first    0x0000000000003968       0x10 zephyr/kernel/libkernel.a(timeout.c.obj)
 .text.elapsed  0x0000000000003978       0x14 zephyr/kernel/libkernel.a(timeout.c.obj)
 .text.remove_timeout
                0x000000000000398c       0x38 zephyr/kernel/libkernel.a(timeout.c.obj)
 .text.z_add_timeout
                0x00000000000039c4      0x120 zephyr/kernel/libkernel.a(timeout.c.obj)
                0x00000000000039c4                z_add_timeout
 .text.sys_clock_announce
                0x0000000000003ae4       0xc0 zephyr/kernel/libkernel.a(timeout.c.obj)
                0x0000000000003ae4                sys_clock_announce
 .text.sys_clock_tick_get
                0x0000000000003ba4       0x30 zephyr/kernel/libkernel.a(timeout.c.obj)
                0x0000000000003ba4                sys_clock_tick_get
 .text.boot_banner
                0x0000000000003bd4        0xc zephyr/kernel/libkernel.a(banner.c.obj)
                0x0000000000003bd4                boot_banner
 .text.k_sys_work_q_init
                0x0000000000003be0       0x2c zephyr/kernel/libkernel.a(system_work_q.c.obj)
 .text.__l_vfprintf
                0x0000000000003c0c      0x4b8 c:\users\ysama\zephyr-sdk-0.17.2\arm-zephyr-eabi\bin\../lib/gcc/../../picolibc/arm-zephyr-eabi/lib/thumb/v7e-m/nofp\libc.a(libc_tinystdio_vflprintf.c.o)
                0x0000000000003c0c                __l_vfprintf
 .text._OffsetAbsSyms
                0x00000000000040c4        0x2 zephyr/CMakeFiles/offsets.dir/./arch/arm/core/offsets/offsets.c.obj
                0x00000000000040c4                _OffsetAbsSyms
 .text.led_off_state_entry
                0x00000000000040c6        0x8 app/libapp.a(main.c.obj)
 .text.led_on_state_entry
                0x00000000000040ce        0x8 app/libapp.a(main.c.obj)
 .text.main     0x00000000000040d6       0x2c app/libapp.a(main.c.obj)
                0x00000000000040d6                main
 .text.chunk_size
                0x0000000000004102        0xa zephyr/libzephyr.a(heap.c.obj)
 .text.free_list_add
                0x000000000000410c       0x4e zephyr/libzephyr.a(heap.c.obj)
 .text.sys_heap_init
                0x000000000000415a       0x7a zephyr/libzephyr.a(heap.c.obj)
                0x000000000000415a                sys_heap_init
 .text.arch_printk_char_out
                0x00000000000041d4        0x4 zephyr/libzephyr.a(printk.c.obj)
                0x00000000000041d4                arch_printk_char_out
 .text.printk   0x00000000000041d8       0x1a zephyr/libzephyr.a(printk.c.obj)
                0x00000000000041d8                printk
 .text.process_recheck
                0x00000000000041f2       0x38 zephyr/libzephyr.a(onoff.c.obj)
 .text.validate_args
                0x000000000000422a       0x20 zephyr/libzephyr.a(onoff.c.obj)
 .text.notify_one
                0x000000000000424a       0x2c zephyr/libzephyr.a(onoff.c.obj)
 .text.transition_complete
                0x0000000000004276       0x1a zephyr/libzephyr.a(onoff.c.obj)
 .text.onoff_manager_init
                0x0000000000004290       0x26 zephyr/libzephyr.a(onoff.c.obj)
                0x0000000000004290                onoff_manager_init
 .text.onoff_request
                0x00000000000042b6       0xae zephyr/libzephyr.a(onoff.c.obj)
                0x00000000000042b6                onoff_request
 .text.sys_notify_validate
                0x0000000000004364       0x22 zephyr/libzephyr.a(notify.c.obj)
                0x0000000000004364                sys_notify_validate
 .text.sys_notify_finalize
                0x0000000000004386       0x1a zephyr/libzephyr.a(notify.c.obj)
                0x0000000000004386                sys_notify_finalize
 .text._ConfigAbsSyms
                0x00000000000043a0        0x2 zephyr/libzephyr.a(configs.c.obj)
                0x00000000000043a0                _ConfigAbsSyms
 .text.z_arm_fatal_error
                0x00000000000043a2        0xc zephyr/arch/arch/arm/core/libarch__arm__core.a(fatal.c.obj)
                0x00000000000043a2                z_arm_fatal_error
 .text.z_do_kernel_oops
                0x00000000000043ae        0x8 zephyr/arch/arch/arm/core/libarch__arm__core.a(fatal.c.obj)
                0x00000000000043ae                z_do_kernel_oops
 .text.z_arm_nmi
                0x00000000000043b6        0xe zephyr/arch/arch/arm/core/libarch__arm__core.a(nmi.c.obj)
                0x00000000000043b6                z_arm_nmi
 .text.z_irq_spurious
                0x00000000000043c4        0x8 zephyr/arch/arch/arm/core/cortex_m/libarch__arm__core__cortex_m.a(irq_manage.c.obj)
                0x00000000000043c4                z_irq_spurious
 .text.arch_irq_unlock_outlined
                0x00000000000043cc        0xe zephyr/arch/arch/arm/core/cortex_m/libarch__arm__core__cortex_m.a(thread.c.obj)
                0x00000000000043cc                arch_irq_unlock_outlined
 .text.arch_cpu_idle
                0x00000000000043da       0x1a zephyr/arch/arch/arm/core/cortex_m/libarch__arm__core__cortex_m.a(cpu_idle.c.obj)
                0x00000000000043da                arch_cpu_idle
 .text.arch_cpu_atomic_idle
                0x00000000000043f4       0x1e zephyr/arch/arch/arm/core/cortex_m/libarch__arm__core__cortex_m.a(cpu_idle.c.obj)
                0x00000000000043f4                arch_cpu_atomic_idle
 .text.size_to_mpu_rasr_size
                0x0000000000004412       0x20 zephyr/arch/arch/arm/core/mpu/libarch__arm__core__mpu.a(arm_mpu.c.obj)
 .text.picolibc_put
                0x0000000000004432        0xa zephyr/lib/libc/picolibc/liblib__libc__picolibc.a(stdio.c.obj)
 .text.smf_set_initial
                0x000000000000443c       0x18 zephyr/lib/smf/liblib__smf.a(smf.c.obj)
                0x000000000000443c                smf_set_initial
 .text.smf_set_state
                0x0000000000004454       0x40 zephyr/lib/smf/liblib__smf.a(smf.c.obj)
                0x0000000000004454                smf_set_state
 .text.smf_run_state
                0x0000000000004494       0x20 zephyr/lib/smf/liblib__smf.a(smf.c.obj)
                0x0000000000004494                smf_run_state
 .text.get_status
                0x00000000000044b4       0x12 zephyr/drivers/clock_control/libdrivers__clock_control.a(clock_control_nrf.c.obj)
 .text.stop     0x00000000000044c6       0x52 zephyr/drivers/clock_control/libdrivers__clock_control.a(clock_control_nrf.c.obj)
 .text.api_stop
                0x0000000000004518        0x6 zephyr/drivers/clock_control/libdrivers__clock_control.a(clock_control_nrf.c.obj)
 .text.async_start
                0x000000000000451e       0x5c zephyr/drivers/clock_control/libdrivers__clock_control.a(clock_control_nrf.c.obj)
 .text.api_start
                0x000000000000457a        0xe zephyr/drivers/clock_control/libdrivers__clock_control.a(clock_control_nrf.c.obj)
 .text.onoff_started_callback
                0x0000000000004588       0x12 zephyr/drivers/clock_control/libdrivers__clock_control.a(clock_control_nrf.c.obj)
 .text.lfclk_start
                0x000000000000459a        0x6 zephyr/drivers/clock_control/libdrivers__clock_control.a(clock_control_nrf.c.obj)
 .text.lfclk_stop
                0x00000000000045a0        0x6 zephyr/drivers/clock_control/libdrivers__clock_control.a(clock_control_nrf.c.obj)
 .text.blocking_start_callback
                0x00000000000045a6        0x6 zephyr/drivers/clock_control/libdrivers__clock_control.a(clock_control_nrf.c.obj)
 .text.gpio_nrfx_port_get_raw
                0x00000000000045ac        0xe zephyr/drivers/gpio/libdrivers__gpio.a(gpio_nrfx.c.obj)
 .text.gpio_nrfx_port_set_masked_raw
                0x00000000000045ba       0x18 zephyr/drivers/gpio/libdrivers__gpio.a(gpio_nrfx.c.obj)
 .text.gpio_nrfx_port_set_bits_raw
                0x00000000000045d2        0xc zephyr/drivers/gpio/libdrivers__gpio.a(gpio_nrfx.c.obj)
 .text.gpio_nrfx_port_clear_bits_raw
                0x00000000000045de        0xc zephyr/drivers/gpio/libdrivers__gpio.a(gpio_nrfx.c.obj)
 .text.gpio_nrfx_port_toggle_bits
                0x00000000000045ea       0x1a zephyr/drivers/gpio/libdrivers__gpio.a(gpio_nrfx.c.obj)
 .text.gpio_nrfx_manage_callback
                0x0000000000004604       0x52 zephyr/drivers/gpio/libdrivers__gpio.a(gpio_nrfx.c.obj)
 .text.pinctrl_lookup_state
                0x0000000000004656       0x26 zephyr/drivers/pinctrl/libdrivers__pinctrl.a(common.c.obj)
                0x0000000000004656                pinctrl_lookup_state
 .text.uarte_nrfx_err_check
                0x000000000000467c        0xe zephyr/drivers/serial/libdrivers__serial.a(uart_nrfx_uarte.c.obj)
 .text.uarte_nrfx_poll_in
                0x000000000000468a       0x26 zephyr/drivers/serial/libdrivers__serial.a(uart_nrfx_uarte.c.obj)
 .text.is_tx_ready.isra.0
                0x00000000000046b0       0x20 zephyr/drivers/serial/libdrivers__serial.a(uart_nrfx_uarte.c.obj)
 .text.uarte_nrfx_isr_int
                0x00000000000046d0       0x42 zephyr/drivers/serial/libdrivers__serial.a(uart_nrfx_uarte.c.obj)
 .text.event_clear
                0x0000000000004712       0x18 zephyr/drivers/timer/libdrivers__timer.a(nrf_rtc_timer.c.obj)
 .text.gpio_pin_get
                0x000000000000472a       0x28 modules/eie_nrf52840.git/drivers/BTN/lib..__eie_nrf52840.git__drivers__BTN.a(btn.c.obj)
 .text._btn_debounce
                0x0000000000004752       0x1a modules/eie_nrf52840.git/drivers/BTN/lib..__eie_nrf52840.git__drivers__BTN.a(btn.c.obj)
 .text.nrfx_isr
                0x000000000000476c        0x2 modules/hal_nordic/nrfx/libmodules__hal_nordic__nrfx.a(nrfx_glue.c.obj)
                0x000000000000476c                nrfx_isr
 .text.nrfx_busy_wait
                0x000000000000476e        0x4 modules/hal_nordic/nrfx/libmodules__hal_nordic__nrfx.a(nrfx_glue.c.obj)
                0x000000000000476e                nrfx_busy_wait
 .text.nrfx_gppi_channel_endpoints_setup
                0x0000000000004772       0x14 modules/hal_nordic/nrfx/libmodules__hal_nordic__nrfx.a(nrfx_gppi_ppi.c.obj)
                0x0000000000004772                nrfx_gppi_channel_endpoints_setup
 .text.nrfx_gppi_channel_alloc
                0x0000000000004786        0x4 modules/hal_nordic/nrfx/libmodules__hal_nordic__nrfx.a(nrfx_gppi_ppi.c.obj)
                0x0000000000004786                nrfx_gppi_channel_alloc
 .text.nrfx_clock_stop
                0x000000000000478a        0x4 modules/hal_nordic/nrfx/libmodules__hal_nordic__nrfx.a(nrfx_clock.c.obj)
                0x000000000000478a                nrfx_clock_stop
 .text.nrf_gpio_reconfigure
                0x000000000000478e       0x92 modules/hal_nordic/nrfx/libmodules__hal_nordic__nrfx.a(nrfx_gpiote.c.obj)
 .text.nrf_gpio_cfg_sense_set
                0x0000000000004820       0x1e modules/hal_nordic/nrfx/libmodules__hal_nordic__nrfx.a(nrfx_gpiote.c.obj)
 .text.pin_trigger_disable
                0x000000000000483e       0x48 modules/hal_nordic/nrfx/libmodules__hal_nordic__nrfx.a(nrfx_gpiote.c.obj)
 .text.nrfx_gpiote_pin_uninit
                0x0000000000004886        0x4 modules/hal_nordic/nrfx/libmodules__hal_nordic__nrfx.a(nrfx_gpiote.c.obj)
                0x0000000000004886                nrfx_gpiote_pin_uninit
 .text.nrfx_gpiote_trigger_disable
                0x000000000000488a        0x4 modules/hal_nordic/nrfx/libmodules__hal_nordic__nrfx.a(nrfx_gpiote.c.obj)
                0x000000000000488a                nrfx_gpiote_trigger_disable
 .text.z_impl_k_busy_wait
                0x000000000000488e        0x8 zephyr/kernel/libkernel.a(busy_wait.c.obj)
                0x000000000000488e                z_impl_k_busy_wait
 .text.z_device_state_init
                0x0000000000004896        0x2 zephyr/kernel/libkernel.a(device.c.obj)
                0x0000000000004896                z_device_state_init
 .text.z_impl_device_is_ready
                0x0000000000004898       0x16 zephyr/kernel/libkernel.a(device.c.obj)
                0x0000000000004898                z_impl_device_is_ready
 .text.arch_system_halt
                0x00000000000048ae       0x10 zephyr/kernel/libkernel.a(fatal.c.obj)
                0x00000000000048ae                arch_system_halt
 .text.k_sys_fatal_error_handler
                0x00000000000048be        0x6 zephyr/kernel/libkernel.a(fatal.c.obj)
                0x00000000000048be                k_sys_fatal_error_handler
 .text.do_device_init
                0x00000000000048c4       0x2e zephyr/kernel/libkernel.a(init.c.obj)
 .text.z_early_memset
                0x00000000000048f2        0x4 zephyr/kernel/libkernel.a(init.c.obj)
                0x00000000000048f2                z_early_memset
 .text.z_early_memcpy
                0x00000000000048f6        0x4 zephyr/kernel/libkernel.a(init.c.obj)
                0x00000000000048f6                z_early_memcpy
 .text.idle     0x00000000000048fa       0x16 zephyr/kernel/libkernel.a(idle.c.obj)
                0x00000000000048fa                idle
 .text.flag_test_and_clear
                0x0000000000004910       0x16 zephyr/kernel/libkernel.a(work.c.obj)
 .text.unschedule_locked
                0x0000000000004926       0x1e zephyr/kernel/libkernel.a(work.c.obj)
 .text.notify_queue_locked.isra.0
                0x0000000000004944        0xe zephyr/kernel/libkernel.a(work.c.obj)
 .text.work_timeout
                0x0000000000004952       0x3c zephyr/kernel/libkernel.a(work.c.obj)
 .text.k_work_init_delayable
                0x000000000000498e       0x18 zephyr/kernel/libkernel.a(work.c.obj)
                0x000000000000498e                k_work_init_delayable
 .text.k_is_in_isr
                0x00000000000049a6        0xc zephyr/kernel/libkernel.a(thread.c.obj)
                0x00000000000049a6                k_is_in_isr
 .text.z_impl_k_thread_name_set
                0x00000000000049b2        0x6 zephyr/kernel/libkernel.a(thread.c.obj)
                0x00000000000049b2                z_impl_k_thread_name_set
 .text.sys_dlist_remove
                0x00000000000049b8       0x10 zephyr/kernel/libkernel.a(sched.c.obj)
 .text.unpend_thread_no_timeout
                0x00000000000049c8       0x14 zephyr/kernel/libkernel.a(sched.c.obj)
 .text.add_to_waitq_locked
                0x00000000000049dc       0x50 zephyr/kernel/libkernel.a(sched.c.obj)
 .text.z_ready_thread
                0x0000000000004a2c       0x1e zephyr/kernel/libkernel.a(sched.c.obj)
                0x0000000000004a2c                z_ready_thread
 .text.z_sched_wake_thread
                0x0000000000004a4a       0x3a zephyr/kernel/libkernel.a(sched.c.obj)
                0x0000000000004a4a                z_sched_wake_thread
 .text.z_thread_timeout
                0x0000000000004a84        0x8 zephyr/kernel/libkernel.a(sched.c.obj)
                0x0000000000004a84                z_thread_timeout
 .text.z_impl_k_sleep
                0x0000000000004a8c       0x4e zephyr/kernel/libkernel.a(sched.c.obj)
                0x0000000000004a8c                z_impl_k_sleep
 .text.z_sched_wake
                0x0000000000004ada       0x44 zephyr/kernel/libkernel.a(sched.c.obj)
                0x0000000000004ada                z_sched_wake
 .text.next_timeout
                0x0000000000004b1e       0x2e zephyr/kernel/libkernel.a(timeout.c.obj)
 .text.z_abort_timeout
                0x0000000000004b4c       0x50 zephyr/kernel/libkernel.a(timeout.c.obj)
                0x0000000000004b4c                z_abort_timeout
 .text.sys_clock_tick_get_32
                0x0000000000004b9c        0x8 zephyr/kernel/libkernel.a(timeout.c.obj)
                0x0000000000004b9c                sys_clock_tick_get_32
 .text.memcpy   0x0000000000004ba4       0x1c c:\users\ysama\zephyr-sdk-0.17.2\arm-zephyr-eabi\bin\../lib/gcc/../../picolibc/arm-zephyr-eabi/lib/thumb/v7e-m/nofp\libc.a(memcpy.c.o)
                0x0000000000004ba4                __aeabi_memcpy
                0x0000000000004ba4                __aeabi_memcpy4
                0x0000000000004ba4                __aeabi_memcpy8
                0x0000000000004ba4                memcpy
 .text.memset   0x0000000000004bc0       0x10 c:\users\ysama\zephyr-sdk-0.17.2\arm-zephyr-eabi\bin\../lib/gcc/../../picolibc/arm-zephyr-eabi/lib/thumb/v7e-m/nofp\libc.a(memset.c.o)
                0x0000000000004bc0                memset
 .text.strnlen  0x0000000000004bd0       0x18 c:\users\ysama\zephyr-sdk-0.17.2\arm-zephyr-eabi\bin\../lib/gcc/../../picolibc/arm-zephyr-eabi/lib/thumb/v7e-m/nofp\libc.a(libc_string_strnlen.c.o)
                0x0000000000004bd0                strnlen
 .text.__ultoa_invert
                0x0000000000004be8       0xae c:\users\ysama\zephyr-sdk-0.17.2\arm-zephyr-eabi\bin\../lib/gcc/../../picolibc/arm-zephyr-eabi/lib/thumb/v7e-m/nofp\libc.a(libc_tinystdio_vflprintf.c.o)
 *(SORT_BY_ALIGNMENT(.TEXT.*))
 *fill*         0x0000000000004c96        0x2 
 .TEXT.__aeabi_read_tp
                0x0000000000004c98        0xc zephyr/arch/arch/arm/core/cortex_m/libarch__arm__core__cortex_m.a(__aeabi_read_tp.S.obj)
                0x0000000000004c98                __aeabi_read_tp
 *(SORT_BY_ALIGNMENT(.gnu.linkonce.t.*))
 *(SORT_BY_ALIGNMENT(.glue_7t))
 .glue_7t       0x0000000000004ca4        0x0 linker stubs
 *(SORT_BY_ALIGNMENT(.glue_7))
 .glue_7        0x0000000000004ca4        0x0 linker stubs
 *(SORT_BY_ALIGNMENT(.vfp11_veneer))
 .vfp11_veneer  0x0000000000004ca4        0x0 linker stubs
 *(SORT_BY_ALIGNMENT(.v4_bx))
 .v4_bx         0x0000000000004ca4        0x0 linker stubs
                0x0000000000004ca4                . = ALIGN (0x4)
                0x0000000000004ca4                __text_region_end = .

.ARM.exidx      0x0000000000004ca4        0x0
                0x0000000000004ca4                __exidx_start = .
 *(SORT_BY_ALIGNMENT(.ARM.exidx*) SORT_BY_ALIGNMENT(gnu.linkonce.armexidx.*))
                0x0000000000004ca4                __exidx_end = .
                0x0000000000004ca4                __rodata_region_start = .

initlevel       0x0000000000004ca4       0x48
                0x0000000000004ca4                __init_start = .
                0x0000000000004ca4                __init_EARLY_start = .
 *(SORT_BY_NAME(SORT_BY_ALIGNMENT(.z_init_EARLY_P_?_*)))
 *(SORT_BY_NAME(SORT_BY_ALIGNMENT(.z_init_EARLY_P_??_*)))
 *(SORT_BY_NAME(SORT_BY_ALIGNMENT(.z_init_EARLY_P_???_*)))
                0x0000000000004ca4                __init_PRE_KERNEL_1_start = .
 *(SORT_BY_NAME(SORT_BY_ALIGNMENT(.z_init_PRE_KERNEL_1_P_?_*)))
 .z_init_PRE_KERNEL_1_P_0_SUB_0_
                0x0000000000004ca4        0x8 zephyr/soc/soc/nrf52840/libsoc__nordic.a(soc.c.obj)
 *(SORT_BY_NAME(SORT_BY_ALIGNMENT(.z_init_PRE_KERNEL_1_P_??_*)))
 .z_init_PRE_KERNEL_1_P_30_SUB_00077_
                0x0000000000004cac        0x8 zephyr/drivers/clock_control/libdrivers__clock_control.a(clock_control_nrf.c.obj)
 .z_init_PRE_KERNEL_1_P_40_SUB_00011_
                0x0000000000004cb4        0x8 zephyr/drivers/gpio/libdrivers__gpio.a(gpio_nrfx.c.obj)
 .z_init_PRE_KERNEL_1_P_40_SUB_00107_
                0x0000000000004cbc        0x8 zephyr/drivers/gpio/libdrivers__gpio.a(gpio_nrfx.c.obj)
 .z_init_PRE_KERNEL_1_P_50_SUB_00115_
                0x0000000000004cc4        0x8 zephyr/drivers/serial/libdrivers__serial.a(uart_nrfx_uarte.c.obj)
 .z_init_PRE_KERNEL_1_P_60_SUB_0_
                0x0000000000004ccc        0x8 zephyr/drivers/console/libdrivers__console.a(uart_console.c.obj)
 *(SORT_BY_NAME(SORT_BY_ALIGNMENT(.z_init_PRE_KERNEL_1_P_???_*)))
                0x0000000000004cd4                __init_PRE_KERNEL_2_start = .
 *(SORT_BY_NAME(SORT_BY_ALIGNMENT(.z_init_PRE_KERNEL_2_P_?_*)))
 .z_init_PRE_KERNEL_2_P_0_SUB_0_
                0x0000000000004cd4        0x8 zephyr/drivers/timer/libdrivers__timer.a(nrf_rtc_timer.c.obj)
 *(SORT_BY_NAME(SORT_BY_ALIGNMENT(.z_init_PRE_KERNEL_2_P_??_*)))
 *(SORT_BY_NAME(SORT_BY_ALIGNMENT(.z_init_PRE_KERNEL_2_P_???_*)))
                0x0000000000004cdc                __init_POST_KERNEL_start = .
 *(SORT_BY_NAME(SORT_BY_ALIGNMENT(.z_init_POST_KERNEL_P_?_*)))
 *(SORT_BY_NAME(SORT_BY_ALIGNMENT(.z_init_POST_KERNEL_P_??_*)))
 .z_init_POST_KERNEL_P_35_SUB_0_
                0x0000000000004cdc        0x8 zephyr/lib/libc/common/liblib__libc__common.a(malloc.c.obj)
 .z_init_POST_KERNEL_P_40_SUB_0_
                0x0000000000004ce4        0x8 zephyr/kernel/libkernel.a(system_work_q.c.obj)
 *(SORT_BY_NAME(SORT_BY_ALIGNMENT(.z_init_POST_KERNEL_P_???_*)))
                0x0000000000004cec                __init_APPLICATION_start = .
 *(SORT_BY_NAME(SORT_BY_ALIGNMENT(.z_init_APPLICATION_P_?_*)))
 *(SORT_BY_NAME(SORT_BY_ALIGNMENT(.z_init_APPLICATION_P_??_*)))
 *(SORT_BY_NAME(SORT_BY_ALIGNMENT(.z_init_APPLICATION_P_???_*)))
                0x0000000000004cec                __init_SMP_start = .
 *(SORT_BY_NAME(SORT_BY_ALIGNMENT(.z_init_SMP_P_?_*)))
 *(SORT_BY_NAME(SORT_BY_ALIGNMENT(.z_init_SMP_P_??_*)))
 *(SORT_BY_NAME(SORT_BY_ALIGNMENT(.z_init_SMP_P_???_*)))
                0x0000000000004cec                __init_end = .

device_area     0x0000000000004cec       0x80
                0x0000000000004cec                _device_list_start = .
 *(SORT_BY_NAME(SORT_BY_ALIGNMENT(._device.static.*_?_*)))
 *(SORT_BY_NAME(SORT_BY_ALIGNMENT(._device.static.*_??_*)))
 ._device.static.1_30_
                0x0000000000004cec       0x20 zephyr/drivers/clock_control/libdrivers__clock_control.a(clock_control_nrf.c.obj)
                0x0000000000004cec                __device_dts_ord_77
 ._device.static.1_40_
                0x0000000000004d0c       0x40 zephyr/drivers/gpio/libdrivers__gpio.a(gpio_nrfx.c.obj)
                0x0000000000004d0c                __device_dts_ord_107
                0x0000000000004d2c                __device_dts_ord_11
 ._device.static.1_50_
                0x0000000000004d4c       0x20 zephyr/drivers/serial/libdrivers__serial.a(uart_nrfx_uarte.c.obj)
                0x0000000000004d4c                __device_dts_ord_115
 *(SORT_BY_NAME(SORT_BY_ALIGNMENT(._device.static.*_???_*)))
 *(SORT_BY_NAME(SORT_BY_ALIGNMENT(._device.static.*_????_*)))
 *(SORT_BY_NAME(SORT_BY_ALIGNMENT(._device.static.*_?????_*)))
                0x0000000000004d6c                _device_list_end = .

sw_isr_table    0x0000000000004d6c      0x180
                0x0000000000004d6c                . = ALIGN (0x4)
 *(SORT_BY_ALIGNMENT(.gnu.linkonce.sw_isr_table*))
 .gnu.linkonce.sw_isr_table
                0x0000000000004d6c      0x180 zephyr/arch/common/libisr_tables.a(isr_tables.c.obj)
                0x0000000000004d6c                _sw_isr_table

initlevel_error
                0x0000000000004ca4        0x0
 *(SORT_BY_NAME(SORT_BY_ALIGNMENT(.z_init_*)))
                0x0000000000000001                ASSERT ((SIZEOF (initlevel_error) == 0x0), Undefined initialization levels used.)

app_shmem_regions
                0x0000000000004eec        0x0
                0x0000000000004eec                __app_shmem_regions_start = .
 *(SORT_BY_NAME(SORT_BY_ALIGNMENT(.app_regions.*)))
                0x0000000000004eec                __app_shmem_regions_end = .

k_p4wq_initparam_area
                0x0000000000004eec        0x0
                0x0000000000004eec                _k_p4wq_initparam_list_start = .
 *(SORT_BY_NAME(SORT_BY_ALIGNMENT(._k_p4wq_initparam.static.*)))
                0x0000000000004eec                _k_p4wq_initparam_list_end = .

_static_thread_data_area
                0x0000000000004eec        0x0
                0x0000000000004eec                __static_thread_data_list_start = .
 *(SORT_BY_NAME(SORT_BY_ALIGNMENT(.__static_thread_data.static.*)))
                0x0000000000004eec                __static_thread_data_list_end = .

device_deps     0x0000000000004eec        0x0
                0x0000000000004eec                __device_deps_start = .
 *(SORT_BY_NAME(SORT_BY_ALIGNMENT(.__device_deps_pass2*)))
                0x0000000000004eec                __device_deps_end = .

gpio_driver_api_area
                0x0000000000004eec       0x24
                0x0000000000004eec                _gpio_driver_api_list_start = .
 *(SORT_BY_NAME(SORT_BY_ALIGNMENT(._gpio_driver_api.static.*)))
 ._gpio_driver_api.static.gpio_nrfx_drv_api_funcs_
                0x0000000000004eec       0x24 zephyr/drivers/gpio/libdrivers__gpio.a(gpio_nrfx.c.obj)
                0x0000000000004f10                _gpio_driver_api_list_end = .

shared_irq_driver_api_area
                0x0000000000004f10        0x0
                0x0000000000004f10                _shared_irq_driver_api_list_start = .
 *(SORT_BY_NAME(SORT_BY_ALIGNMENT(._shared_irq_driver_api.static.*)))
                0x0000000000004f10                _shared_irq_driver_api_list_end = .

crypto_driver_api_area
                0x0000000000004f10        0x0
                0x0000000000004f10                _crypto_driver_api_list_start = .
 *(SORT_BY_NAME(SORT_BY_ALIGNMENT(._crypto_driver_api.static.*)))
                0x0000000000004f10                _crypto_driver_api_list_end = .

adc_driver_api_area
                0x0000000000004f10        0x0
                0x0000000000004f10                _adc_driver_api_list_start = .
 *(SORT_BY_NAME(SORT_BY_ALIGNMENT(._adc_driver_api.static.*)))
                0x0000000000004f10                _adc_driver_api_list_end = .

auxdisplay_driver_api_area
                0x0000000000004f10        0x0
                0x0000000000004f10                _auxdisplay_driver_api_list_start = .
 *(SORT_BY_NAME(SORT_BY_ALIGNMENT(._auxdisplay_driver_api.static.*)))
                0x0000000000004f10                _auxdisplay_driver_api_list_end = .

bbram_driver_api_area
                0x0000000000004f10        0x0
                0x0000000000004f10                _bbram_driver_api_list_start = .
 *(SORT_BY_NAME(SORT_BY_ALIGNMENT(._bbram_driver_api.static.*)))
                0x0000000000004f10                _bbram_driver_api_list_end = .

bt_hci_driver_api_area
                0x0000000000004f10        0x0
                0x0000000000004f10                _bt_hci_driver_api_list_start = .
 *(SORT_BY_NAME(SORT_BY_ALIGNMENT(._bt_hci_driver_api.static.*)))
                0x0000000000004f10                _bt_hci_driver_api_list_end = .

can_driver_api_area
                0x0000000000004f10        0x0
                0x0000000000004f10                _can_driver_api_list_start = .
 *(SORT_BY_NAME(SORT_BY_ALIGNMENT(._can_driver_api.static.*)))
                0x0000000000004f10                _can_driver_api_list_end = .

cellular_driver_api_area
                0x0000000000004f10        0x0
                0x0000000000004f10                _cellular_driver_api_list_start = .
 *(SORT_BY_NAME(SORT_BY_ALIGNMENT(._cellular_driver_api.static.*)))
                0x0000000000004f10                _cellular_driver_api_list_end = .

charger_driver_api_area
                0x0000000000004f10        0x0
                0x0000000000004f10                _charger_driver_api_list_start = .
 *(SORT_BY_NAME(SORT_BY_ALIGNMENT(._charger_driver_api.static.*)))
                0x0000000000004f10                _charger_driver_api_list_end = .

clock_control_driver_api_area
                0x0000000000004f10       0x1c
                0x0000000000004f10                _clock_control_driver_api_list_start = .
 *(SORT_BY_NAME(SORT_BY_ALIGNMENT(._clock_control_driver_api.static.*)))
 ._clock_control_driver_api.static.clock_control_api_
                0x0000000000004f10       0x1c zephyr/drivers/clock_control/libdrivers__clock_control.a(clock_control_nrf.c.obj)
                0x0000000000004f2c                _clock_control_driver_api_list_end = .

comparator_driver_api_area
                0x0000000000004f2c        0x0
                0x0000000000004f2c                _comparator_driver_api_list_start = .
 *(SORT_BY_NAME(SORT_BY_ALIGNMENT(._comparator_driver_api.static.*)))
                0x0000000000004f2c                _comparator_driver_api_list_end = .

coredump_driver_api_area
                0x0000000000004f2c        0x0
                0x0000000000004f2c                _coredump_driver_api_list_start = .
 *(SORT_BY_NAME(SORT_BY_ALIGNMENT(._coredump_driver_api.static.*)))
                0x0000000000004f2c                _coredump_driver_api_list_end = .

counter_driver_api_area
                0x0000000000004f2c        0x0
                0x0000000000004f2c                _counter_driver_api_list_start = .
 *(SORT_BY_NAME(SORT_BY_ALIGNMENT(._counter_driver_api.static.*)))
                0x0000000000004f2c                _counter_driver_api_list_end = .

dac_driver_api_area
                0x0000000000004f2c        0x0
                0x0000000000004f2c                _dac_driver_api_list_start = .
 *(SORT_BY_NAME(SORT_BY_ALIGNMENT(._dac_driver_api.static.*)))
                0x0000000000004f2c                _dac_driver_api_list_end = .

dai_driver_api_area
                0x0000000000004f2c        0x0
                0x0000000000004f2c                _dai_driver_api_list_start = .
 *(SORT_BY_NAME(SORT_BY_ALIGNMENT(._dai_driver_api.static.*)))
                0x0000000000004f2c                _dai_driver_api_list_end = .

display_driver_api_area
                0x0000000000004f2c        0x0
                0x0000000000004f2c                _display_driver_api_list_start = .
 *(SORT_BY_NAME(SORT_BY_ALIGNMENT(._display_driver_api.static.*)))
                0x0000000000004f2c                _display_driver_api_list_end = .

dma_driver_api_area
                0x0000000000004f2c        0x0
                0x0000000000004f2c                _dma_driver_api_list_start = .
 *(SORT_BY_NAME(SORT_BY_ALIGNMENT(._dma_driver_api.static.*)))
                0x0000000000004f2c                _dma_driver_api_list_end = .

edac_driver_api_area
                0x0000000000004f2c        0x0
                0x0000000000004f2c                _edac_driver_api_list_start = .
 *(SORT_BY_NAME(SORT_BY_ALIGNMENT(._edac_driver_api.static.*)))
                0x0000000000004f2c                _edac_driver_api_list_end = .

eeprom_driver_api_area
                0x0000000000004f2c        0x0
                0x0000000000004f2c                _eeprom_driver_api_list_start = .
 *(SORT_BY_NAME(SORT_BY_ALIGNMENT(._eeprom_driver_api.static.*)))
                0x0000000000004f2c                _eeprom_driver_api_list_end = .

emul_bbram_driver_api_area
                0x0000000000004f2c        0x0
                0x0000000000004f2c                _emul_bbram_driver_api_list_start = .
 *(SORT_BY_NAME(SORT_BY_ALIGNMENT(._emul_bbram_driver_api.static.*)))
                0x0000000000004f2c                _emul_bbram_driver_api_list_end = .

fuel_gauge_emul_driver_api_area
                0x0000000000004f2c        0x0
                0x0000000000004f2c                _fuel_gauge_emul_driver_api_list_start = .
 *(SORT_BY_NAME(SORT_BY_ALIGNMENT(._fuel_gauge_emul_driver_api.static.*)))
                0x0000000000004f2c                _fuel_gauge_emul_driver_api_list_end = .

emul_sensor_driver_api_area
                0x0000000000004f2c        0x0
                0x0000000000004f2c                _emul_sensor_driver_api_list_start = .
 *(SORT_BY_NAME(SORT_BY_ALIGNMENT(._emul_sensor_driver_api.static.*)))
                0x0000000000004f2c                _emul_sensor_driver_api_list_end = .

entropy_driver_api_area
                0x0000000000004f2c        0x0
                0x0000000000004f2c                _entropy_driver_api_list_start = .
 *(SORT_BY_NAME(SORT_BY_ALIGNMENT(._entropy_driver_api.static.*)))
                0x0000000000004f2c                _entropy_driver_api_list_end = .

espi_driver_api_area
                0x0000000000004f2c        0x0
                0x0000000000004f2c                _espi_driver_api_list_start = .
 *(SORT_BY_NAME(SORT_BY_ALIGNMENT(._espi_driver_api.static.*)))
                0x0000000000004f2c                _espi_driver_api_list_end = .

espi_saf_driver_api_area
                0x0000000000004f2c        0x0
                0x0000000000004f2c                _espi_saf_driver_api_list_start = .
 *(SORT_BY_NAME(SORT_BY_ALIGNMENT(._espi_saf_driver_api.static.*)))
                0x0000000000004f2c                _espi_saf_driver_api_list_end = .

flash_driver_api_area
                0x0000000000004f2c        0x0
                0x0000000000004f2c                _flash_driver_api_list_start = .
 *(SORT_BY_NAME(SORT_BY_ALIGNMENT(._flash_driver_api.static.*)))
                0x0000000000004f2c                _flash_driver_api_list_end = .

fpga_driver_api_area
                0x0000000000004f2c        0x0
                0x0000000000004f2c                _fpga_driver_api_list_start = .
 *(SORT_BY_NAME(SORT_BY_ALIGNMENT(._fpga_driver_api.static.*)))
                0x0000000000004f2c                _fpga_driver_api_list_end = .

fuel_gauge_driver_api_area
                0x0000000000004f2c        0x0
                0x0000000000004f2c                _fuel_gauge_driver_api_list_start = .
 *(SORT_BY_NAME(SORT_BY_ALIGNMENT(._fuel_gauge_driver_api.static.*)))
                0x0000000000004f2c                _fuel_gauge_driver_api_list_end = .

gnss_driver_api_area
                0x0000000000004f2c        0x0
                0x0000000000004f2c                _gnss_driver_api_list_start = .
 *(SORT_BY_NAME(SORT_BY_ALIGNMENT(._gnss_driver_api.static.*)))
                0x0000000000004f2c                _gnss_driver_api_list_end = .

haptics_driver_api_area
                0x0000000000004f2c        0x0
                0x0000000000004f2c                _haptics_driver_api_list_start = .
 *(SORT_BY_NAME(SORT_BY_ALIGNMENT(._haptics_driver_api.static.*)))
                0x0000000000004f2c                _haptics_driver_api_list_end = .

hwspinlock_driver_api_area
                0x0000000000004f2c        0x0
                0x0000000000004f2c                _hwspinlock_driver_api_list_start = .
 *(SORT_BY_NAME(SORT_BY_ALIGNMENT(._hwspinlock_driver_api.static.*)))
                0x0000000000004f2c                _hwspinlock_driver_api_list_end = .

i2c_driver_api_area
                0x0000000000004f2c        0x0
                0x0000000000004f2c                _i2c_driver_api_list_start = .
 *(SORT_BY_NAME(SORT_BY_ALIGNMENT(._i2c_driver_api.static.*)))
                0x0000000000004f2c                _i2c_driver_api_list_end = .

i2c_target_driver_api_area
                0x0000000000004f2c        0x0
                0x0000000000004f2c                _i2c_target_driver_api_list_start = .
 *(SORT_BY_NAME(SORT_BY_ALIGNMENT(._i2c_target_driver_api.static.*)))
                0x0000000000004f2c                _i2c_target_driver_api_list_end = .

i2s_driver_api_area
                0x0000000000004f2c        0x0
                0x0000000000004f2c                _i2s_driver_api_list_start = .
 *(SORT_BY_NAME(SORT_BY_ALIGNMENT(._i2s_driver_api.static.*)))
                0x0000000000004f2c                _i2s_driver_api_list_end = .

i3c_driver_api_area
                0x0000000000004f2c        0x0
                0x0000000000004f2c                _i3c_driver_api_list_start = .
 *(SORT_BY_NAME(SORT_BY_ALIGNMENT(._i3c_driver_api.static.*)))
                0x0000000000004f2c                _i3c_driver_api_list_end = .

ipm_driver_api_area
                0x0000000000004f2c        0x0
                0x0000000000004f2c                _ipm_driver_api_list_start = .
 *(SORT_BY_NAME(SORT_BY_ALIGNMENT(._ipm_driver_api.static.*)))
                0x0000000000004f2c                _ipm_driver_api_list_end = .

led_driver_api_area
                0x0000000000004f2c        0x0
                0x0000000000004f2c                _led_driver_api_list_start = .
 *(SORT_BY_NAME(SORT_BY_ALIGNMENT(._led_driver_api.static.*)))
                0x0000000000004f2c                _led_driver_api_list_end = .

led_strip_driver_api_area
                0x0000000000004f2c        0x0
                0x0000000000004f2c                _led_strip_driver_api_list_start = .
 *(SORT_BY_NAME(SORT_BY_ALIGNMENT(._led_strip_driver_api.static.*)))
                0x0000000000004f2c                _led_strip_driver_api_list_end = .

lora_driver_api_area
                0x0000000000004f2c        0x0
                0x0000000000004f2c                _lora_driver_api_list_start = .
 *(SORT_BY_NAME(SORT_BY_ALIGNMENT(._lora_driver_api.static.*)))
                0x0000000000004f2c                _lora_driver_api_list_end = .

mbox_driver_api_area
                0x0000000000004f2c        0x0
                0x0000000000004f2c                _mbox_driver_api_list_start = .
 *(SORT_BY_NAME(SORT_BY_ALIGNMENT(._mbox_driver_api.static.*)))
                0x0000000000004f2c                _mbox_driver_api_list_end = .

mdio_driver_api_area
                0x0000000000004f2c        0x0
                0x0000000000004f2c                _mdio_driver_api_list_start = .
 *(SORT_BY_NAME(SORT_BY_ALIGNMENT(._mdio_driver_api.static.*)))
                0x0000000000004f2c                _mdio_driver_api_list_end = .

mipi_dbi_driver_api_area
                0x0000000000004f2c        0x0
                0x0000000000004f2c                _mipi_dbi_driver_api_list_start = .
 *(SORT_BY_NAME(SORT_BY_ALIGNMENT(._mipi_dbi_driver_api.static.*)))
                0x0000000000004f2c                _mipi_dbi_driver_api_list_end = .

mipi_dsi_driver_api_area
                0x0000000000004f2c        0x0
                0x0000000000004f2c                _mipi_dsi_driver_api_list_start = .
 *(SORT_BY_NAME(SORT_BY_ALIGNMENT(._mipi_dsi_driver_api.static.*)))
                0x0000000000004f2c                _mipi_dsi_driver_api_list_end = .

mspi_driver_api_area
                0x0000000000004f2c        0x0
                0x0000000000004f2c                _mspi_driver_api_list_start = .
 *(SORT_BY_NAME(SORT_BY_ALIGNMENT(._mspi_driver_api.static.*)))
                0x0000000000004f2c                _mspi_driver_api_list_end = .

peci_driver_api_area
                0x0000000000004f2c        0x0
                0x0000000000004f2c                _peci_driver_api_list_start = .
 *(SORT_BY_NAME(SORT_BY_ALIGNMENT(._peci_driver_api.static.*)))
                0x0000000000004f2c                _peci_driver_api_list_end = .

ps2_driver_api_area
                0x0000000000004f2c        0x0
                0x0000000000004f2c                _ps2_driver_api_list_start = .
 *(SORT_BY_NAME(SORT_BY_ALIGNMENT(._ps2_driver_api.static.*)))
                0x0000000000004f2c                _ps2_driver_api_list_end = .

ptp_clock_driver_api_area
                0x0000000000004f2c        0x0
                0x0000000000004f2c                _ptp_clock_driver_api_list_start = .
 *(SORT_BY_NAME(SORT_BY_ALIGNMENT(._ptp_clock_driver_api.static.*)))
                0x0000000000004f2c                _ptp_clock_driver_api_list_end = .

pwm_driver_api_area
                0x0000000000004f2c        0x0
                0x0000000000004f2c                _pwm_driver_api_list_start = .
 *(SORT_BY_NAME(SORT_BY_ALIGNMENT(._pwm_driver_api.static.*)))
                0x0000000000004f2c                _pwm_driver_api_list_end = .

regulator_parent_driver_api_area
                0x0000000000004f2c        0x0
                0x0000000000004f2c                _regulator_parent_driver_api_list_start = .
 *(SORT_BY_NAME(SORT_BY_ALIGNMENT(._regulator_parent_driver_api.static.*)))
                0x0000000000004f2c                _regulator_parent_driver_api_list_end = .

regulator_driver_api_area
                0x0000000000004f2c        0x0
                0x0000000000004f2c                _regulator_driver_api_list_start = .
 *(SORT_BY_NAME(SORT_BY_ALIGNMENT(._regulator_driver_api.static.*)))
                0x0000000000004f2c                _regulator_driver_api_list_end = .

reset_driver_api_area
                0x0000000000004f2c        0x0
                0x0000000000004f2c                _reset_driver_api_list_start = .
 *(SORT_BY_NAME(SORT_BY_ALIGNMENT(._reset_driver_api.static.*)))
                0x0000000000004f2c                _reset_driver_api_list_end = .

retained_mem_driver_api_area
                0x0000000000004f2c        0x0
                0x0000000000004f2c                _retained_mem_driver_api_list_start = .
 *(SORT_BY_NAME(SORT_BY_ALIGNMENT(._retained_mem_driver_api.static.*)))
                0x0000000000004f2c                _retained_mem_driver_api_list_end = .

rtc_driver_api_area
                0x0000000000004f2c        0x0
                0x0000000000004f2c                _rtc_driver_api_list_start = .
 *(SORT_BY_NAME(SORT_BY_ALIGNMENT(._rtc_driver_api.static.*)))
                0x0000000000004f2c                _rtc_driver_api_list_end = .

sdhc_driver_api_area
                0x0000000000004f2c        0x0
                0x0000000000004f2c                _sdhc_driver_api_list_start = .
 *(SORT_BY_NAME(SORT_BY_ALIGNMENT(._sdhc_driver_api.static.*)))
                0x0000000000004f2c                _sdhc_driver_api_list_end = .

sensor_driver_api_area
                0x0000000000004f2c        0x0
                0x0000000000004f2c                _sensor_driver_api_list_start = .
 *(SORT_BY_NAME(SORT_BY_ALIGNMENT(._sensor_driver_api.static.*)))
                0x0000000000004f2c                _sensor_driver_api_list_end = .

smbus_driver_api_area
                0x0000000000004f2c        0x0
                0x0000000000004f2c                _smbus_driver_api_list_start = .
 *(SORT_BY_NAME(SORT_BY_ALIGNMENT(._smbus_driver_api.static.*)))
                0x0000000000004f2c                _smbus_driver_api_list_end = .

spi_driver_api_area
                0x0000000000004f2c        0x0
                0x0000000000004f2c                _spi_driver_api_list_start = .
 *(SORT_BY_NAME(SORT_BY_ALIGNMENT(._spi_driver_api.static.*)))
                0x0000000000004f2c                _spi_driver_api_list_end = .

stepper_driver_api_area
                0x0000000000004f2c        0x0
                0x0000000000004f2c                _stepper_driver_api_list_start = .
 *(SORT_BY_NAME(SORT_BY_ALIGNMENT(._stepper_driver_api.static.*)))
                0x0000000000004f2c                _stepper_driver_api_list_end = .

syscon_driver_api_area
                0x0000000000004f2c        0x0
                0x0000000000004f2c                _syscon_driver_api_list_start = .
 *(SORT_BY_NAME(SORT_BY_ALIGNMENT(._syscon_driver_api.static.*)))
                0x0000000000004f2c                _syscon_driver_api_list_end = .

tee_driver_api_area
                0x0000000000004f2c        0x0
                0x0000000000004f2c                _tee_driver_api_list_start = .
 *(SORT_BY_NAME(SORT_BY_ALIGNMENT(._tee_driver_api.static.*)))
                0x0000000000004f2c                _tee_driver_api_list_end = .

video_driver_api_area
                0x0000000000004f2c        0x0
                0x0000000000004f2c                _video_driver_api_list_start = .
 *(SORT_BY_NAME(SORT_BY_ALIGNMENT(._video_driver_api.static.*)))
                0x0000000000004f2c                _video_driver_api_list_end = .

virtio_driver_api_area
                0x0000000000004f2c        0x0
                0x0000000000004f2c                _virtio_driver_api_list_start = .
 *(SORT_BY_NAME(SORT_BY_ALIGNMENT(._virtio_driver_api.static.*)))
                0x0000000000004f2c                _virtio_driver_api_list_end = .

w1_driver_api_area
                0x0000000000004f2c        0x0
                0x0000000000004f2c                _w1_driver_api_list_start = .
 *(SORT_BY_NAME(SORT_BY_ALIGNMENT(._w1_driver_api.static.*)))
                0x0000000000004f2c                _w1_driver_api_list_end = .

wdt_driver_api_area
                0x0000000000004f2c        0x0
                0x0000000000004f2c                _wdt_driver_api_list_start = .
 *(SORT_BY_NAME(SORT_BY_ALIGNMENT(._wdt_driver_api.static.*)))
                0x0000000000004f2c                _wdt_driver_api_list_end = .

can_transceiver_driver_api_area
                0x0000000000004f2c        0x0
                0x0000000000004f2c                _can_transceiver_driver_api_list_start = .
 *(SORT_BY_NAME(SORT_BY_ALIGNMENT(._can_transceiver_driver_api.static.*)))
                0x0000000000004f2c                _can_transceiver_driver_api_list_end = .

nrf_clock_control_driver_api_area
                0x0000000000004f2c        0x0
                0x0000000000004f2c                _nrf_clock_control_driver_api_list_start = .
 *(SORT_BY_NAME(SORT_BY_ALIGNMENT(._nrf_clock_control_driver_api.static.*)))
                0x0000000000004f2c                _nrf_clock_control_driver_api_list_end = .

i3c_target_driver_api_area
                0x0000000000004f2c        0x0
                0x0000000000004f2c                _i3c_target_driver_api_list_start = .
 *(SORT_BY_NAME(SORT_BY_ALIGNMENT(._i3c_target_driver_api.static.*)))
                0x0000000000004f2c                _i3c_target_driver_api_list_end = .

its_driver_api_area
                0x0000000000004f2c        0x0
                0x0000000000004f2c                _its_driver_api_list_start = .
 *(SORT_BY_NAME(SORT_BY_ALIGNMENT(._its_driver_api.static.*)))
                0x0000000000004f2c                _its_driver_api_list_end = .

vtd_driver_api_area
                0x0000000000004f2c        0x0
                0x0000000000004f2c                _vtd_driver_api_list_start = .
 *(SORT_BY_NAME(SORT_BY_ALIGNMENT(._vtd_driver_api.static.*)))
                0x0000000000004f2c                _vtd_driver_api_list_end = .

renesas_elc_driver_api_area
                0x0000000000004f2c        0x0
                0x0000000000004f2c                _renesas_elc_driver_api_list_start = .
 *(SORT_BY_NAME(SORT_BY_ALIGNMENT(._renesas_elc_driver_api.static.*)))
                0x0000000000004f2c                _renesas_elc_driver_api_list_end = .

tgpio_driver_api_area
                0x0000000000004f2c        0x0
                0x0000000000004f2c                _tgpio_driver_api_list_start = .
 *(SORT_BY_NAME(SORT_BY_ALIGNMENT(._tgpio_driver_api.static.*)))
                0x0000000000004f2c                _tgpio_driver_api_list_end = .

pcie_ctrl_driver_api_area
                0x0000000000004f2c        0x0
                0x0000000000004f2c                _pcie_ctrl_driver_api_list_start = .
 *(SORT_BY_NAME(SORT_BY_ALIGNMENT(._pcie_ctrl_driver_api.static.*)))
                0x0000000000004f2c                _pcie_ctrl_driver_api_list_end = .

pcie_ep_driver_api_area
                0x0000000000004f2c        0x0
                0x0000000000004f2c                _pcie_ep_driver_api_list_start = .
 *(SORT_BY_NAME(SORT_BY_ALIGNMENT(._pcie_ep_driver_api.static.*)))
                0x0000000000004f2c                _pcie_ep_driver_api_list_end = .

psi5_driver_api_area
                0x0000000000004f2c        0x0
                0x0000000000004f2c                _psi5_driver_api_list_start = .
 *(SORT_BY_NAME(SORT_BY_ALIGNMENT(._psi5_driver_api.static.*)))
                0x0000000000004f2c                _psi5_driver_api_list_end = .

sent_driver_api_area
                0x0000000000004f2c        0x0
                0x0000000000004f2c                _sent_driver_api_list_start = .
 *(SORT_BY_NAME(SORT_BY_ALIGNMENT(._sent_driver_api.static.*)))
                0x0000000000004f2c                _sent_driver_api_list_end = .

svc_driver_api_area
                0x0000000000004f2c        0x0
                0x0000000000004f2c                _svc_driver_api_list_start = .
 *(SORT_BY_NAME(SORT_BY_ALIGNMENT(._svc_driver_api.static.*)))
                0x0000000000004f2c                _svc_driver_api_list_end = .

uart_driver_api_area
                0x0000000000004f2c        0xc
                0x0000000000004f2c                _uart_driver_api_list_start = .
 *(SORT_BY_NAME(SORT_BY_ALIGNMENT(._uart_driver_api.static.*)))
 ._uart_driver_api.static.uart_nrfx_uarte_driver_api_
                0x0000000000004f2c        0xc zephyr/drivers/serial/libdrivers__serial.a(uart_nrfx_uarte.c.obj)
                0x0000000000004f38                _uart_driver_api_list_end = .

bc12_emul_driver_api_area
                0x0000000000004f38        0x0
                0x0000000000004f38                _bc12_emul_driver_api_list_start = .
 *(SORT_BY_NAME(SORT_BY_ALIGNMENT(._bc12_emul_driver_api.static.*)))
                0x0000000000004f38                _bc12_emul_driver_api_list_end = .

bc12_driver_api_area
                0x0000000000004f38        0x0
                0x0000000000004f38                _bc12_driver_api_list_start = .
 *(SORT_BY_NAME(SORT_BY_ALIGNMENT(._bc12_driver_api.static.*)))
                0x0000000000004f38                _bc12_driver_api_list_end = .

usbc_ppc_driver_api_area
                0x0000000000004f38        0x0
                0x0000000000004f38                _usbc_ppc_driver_api_list_start = .
 *(SORT_BY_NAME(SORT_BY_ALIGNMENT(._usbc_ppc_driver_api.static.*)))
                0x0000000000004f38                _usbc_ppc_driver_api_list_end = .

tcpc_driver_api_area
                0x0000000000004f38        0x0
                0x0000000000004f38                _tcpc_driver_api_list_start = .
 *(SORT_BY_NAME(SORT_BY_ALIGNMENT(._tcpc_driver_api.static.*)))
                0x0000000000004f38                _tcpc_driver_api_list_end = .

usbc_vbus_driver_api_area
                0x0000000000004f38        0x0
                0x0000000000004f38                _usbc_vbus_driver_api_list_start = .
 *(SORT_BY_NAME(SORT_BY_ALIGNMENT(._usbc_vbus_driver_api.static.*)))
                0x0000000000004f38                _usbc_vbus_driver_api_list_end = .

ivshmem_driver_api_area
                0x0000000000004f38        0x0
                0x0000000000004f38                _ivshmem_driver_api_list_start = .
 *(SORT_BY_NAME(SORT_BY_ALIGNMENT(._ivshmem_driver_api.static.*)))
                0x0000000000004f38                _ivshmem_driver_api_list_end = .

ethphy_driver_api_area
                0x0000000000004f38        0x0
                0x0000000000004f38                _ethphy_driver_api_list_start = .
 *(SORT_BY_NAME(SORT_BY_ALIGNMENT(._ethphy_driver_api.static.*)))
                0x0000000000004f38                _ethphy_driver_api_list_end = .

ztest           0x0000000000004f38        0x0
                0x0000000000004f38                _ztest_expected_result_entry_list_start = .
 *(SORT_BY_NAME(SORT_BY_ALIGNMENT(._ztest_expected_result_entry.static.*)))
                0x0000000000004f38                _ztest_expected_result_entry_list_end = .
                0x0000000000004f38                _ztest_suite_node_list_start = .
 *(SORT_BY_NAME(SORT_BY_ALIGNMENT(._ztest_suite_node.static.*)))
                0x0000000000004f38                _ztest_suite_node_list_end = .
                0x0000000000004f38                _ztest_unit_test_list_start = .
 *(SORT_BY_NAME(SORT_BY_ALIGNMENT(._ztest_unit_test.static.*)))
                0x0000000000004f38                _ztest_unit_test_list_end = .
                0x0000000000004f38                _ztest_test_rule_list_start = .
 *(SORT_BY_NAME(SORT_BY_ALIGNMENT(._ztest_test_rule.static.*)))
                0x0000000000004f38                _ztest_test_rule_list_end = .

init_array      0x0000000000004f38        0x0
                0x0000000000004f38                __zephyr_init_array_start = .
 *(SORT_BY_INIT_PRIORITY(.init_array.*) SORT_BY_INIT_PRIORITY(.ctors.*))
 *(SORT_BY_ALIGNMENT(.init_array) SORT_BY_ALIGNMENT(.ctors))
                0x0000000000004f38                __zephyr_init_array_end = .
                0x0000000000000001                ASSERT ((__zephyr_init_array_start == __zephyr_init_array_end), GNU-style constructors required but STATIC_INIT_GNU not enabled)

bt_l2cap_fixed_chan_area
                0x0000000000004f38        0x0
                0x0000000000004f38                _bt_l2cap_fixed_chan_list_start = .
 *(SORT_BY_NAME(SORT_BY_ALIGNMENT(._bt_l2cap_fixed_chan.static.*)))
                0x0000000000004f38                _bt_l2cap_fixed_chan_list_end = .

bt_gatt_service_static_area
                0x0000000000004f38        0x0
                0x0000000000004f38                _bt_gatt_service_static_list_start = .
 *(SORT_BY_NAME(SORT_BY_ALIGNMENT(._bt_gatt_service_static.static.*)))
                0x0000000000004f38                _bt_gatt_service_static_list_end = .

log_strings_area
                0x0000000000004f38        0x0
                0x0000000000004f38                _log_strings_list_start = .
 *(SORT_BY_NAME(SORT_BY_ALIGNMENT(._log_strings.static.*)))
                0x0000000000004f38                _log_strings_list_end = .

log_stmesp_ptr_area
                0x0000000000004f38        0x0
                0x0000000000004f38                _log_stmesp_ptr_list_start = .
 *(SORT_BY_NAME(SORT_BY_ALIGNMENT(._log_stmesp_ptr.static.*)))
                0x0000000000004f38                _log_stmesp_ptr_list_end = .

log_stmesp_str_area
                0x0000000000004f38        0x0
                0x0000000000004f38                _log_stmesp_str_list_start = .
 *(SORT_BY_NAME(SORT_BY_ALIGNMENT(._log_stmesp_str.static.*)))
                0x0000000000004f38                _log_stmesp_str_list_end = .

log_const_area  0x0000000000004f38        0x0
                0x0000000000004f38                _log_const_list_start = .
 *(SORT_BY_NAME(SORT_BY_ALIGNMENT(._log_const.static.*)))
                0x0000000000004f38                _log_const_list_end = .

log_backend_area
                0x0000000000004f38        0x0
                0x0000000000004f38                _log_backend_list_start = .
 *(SORT_BY_NAME(SORT_BY_ALIGNMENT(._log_backend.static.*)))
                0x0000000000004f38                _log_backend_list_end = .

log_link_area   0x0000000000004f38        0x0
                0x0000000000004f38                _log_link_list_start = .
 *(SORT_BY_NAME(SORT_BY_ALIGNMENT(._log_link.static.*)))
                0x0000000000004f38                _log_link_list_end = .

tracing_backend_area
                0x0000000000004f38        0x0
                0x0000000000004f38                _tracing_backend_list_start = .
 *(SORT_BY_NAME(SORT_BY_ALIGNMENT(._tracing_backend.static.*)))
                0x0000000000004f38                _tracing_backend_list_end = .

zephyr_dbg_info
 *(SORT_BY_ALIGNMENT(.dbg_thread_info))

intc_table_area
                0x0000000000004f38        0x0
                0x0000000000004f38                _intc_table_list_start = .
 *(SORT_BY_NAME(SORT_BY_ALIGNMENT(._intc_table.static.*)))
                0x0000000000004f38                _intc_table_list_end = .

symbol_to_keep  0x0000000000004f38        0x0
                0x0000000000004f38                __symbol_to_keep_start = .
 *(SORT_BY_NAME(SORT_BY_ALIGNMENT(.symbol_to_keep*)))
                0x0000000000004f38                __symbol_to_keep_end = .

shell_area      0x0000000000004f38        0x0
                0x0000000000004f38                _shell_list_start = .
 *(SORT_BY_NAME(SORT_BY_ALIGNMENT(._shell.static.*)))
                0x0000000000004f38                _shell_list_end = .

shell_root_cmds_area
                0x0000000000004f38        0x0
                0x0000000000004f38                _shell_root_cmds_list_start = .
 *(SORT_BY_NAME(SORT_BY_ALIGNMENT(._shell_root_cmds.static.*)))
                0x0000000000004f38                _shell_root_cmds_list_end = .

shell_subcmds_area
                0x0000000000004f38        0x0
                0x0000000000004f38                _shell_subcmds_list_start = .
 *(SORT_BY_NAME(SORT_BY_ALIGNMENT(._shell_subcmds.static.*)))
                0x0000000000004f38                _shell_subcmds_list_end = .

shell_dynamic_subcmds_area
                0x0000000000004f38        0x0
                0x0000000000004f38                _shell_dynamic_subcmds_list_start = .
 *(SORT_BY_NAME(SORT_BY_ALIGNMENT(._shell_dynamic_subcmds.static.*)))
                0x0000000000004f38                _shell_dynamic_subcmds_list_end = .

cfb_font_area   0x0000000000004f38        0x0
                0x0000000000004f38                _cfb_font_list_start = .
 *(SORT_BY_NAME(SORT_BY_ALIGNMENT(._cfb_font.static.*)))
                0x0000000000004f38                _cfb_font_list_end = .

tdata           0x0000000000004f38        0x0
 *(SORT_BY_ALIGNMENT(.tdata) SORT_BY_ALIGNMENT(.tdata.*) SORT_BY_ALIGNMENT(.gnu.linkonce.td.*))

tbss            0x0000000000004f38        0x4
 *(SORT_BY_ALIGNMENT(.tbss) SORT_BY_ALIGNMENT(.tbss.*) SORT_BY_ALIGNMENT(.gnu.linkonce.tb.*) SORT_BY_ALIGNMENT(.tcommon))
 .tbss.z_tls_current
                0x0000000000004f38        0x4 zephyr/libzephyr.a(thread_entry.c.obj)
                0x0000000000004f38                z_tls_current
                0x0000000000004f38                PROVIDE (__tdata_start = LOADADDR (tdata))
                0x0000000000000001                PROVIDE (__tdata_align = ALIGNOF (tdata))
                0x0000000000000000                PROVIDE (__tdata_size = (((SIZEOF (tdata) + __tdata_align) - 0x1) & ~ ((__tdata_align - 0x1))))
                [!provide]                        PROVIDE (__tdata_end = (__tdata_start + __tdata_size))
                0x0000000000000004                PROVIDE (__tbss_align = ALIGNOF (tbss))
                [!provide]                        PROVIDE (__tbss_start = ADDR (tbss))
                0x0000000000000004                PROVIDE (__tbss_size = (((SIZEOF (tbss) + __tbss_align) - 0x1) & ~ ((__tbss_align - 0x1))))
                [!provide]                        PROVIDE (__tbss_end = (__tbss_start + __tbss_size))
                [!provide]                        PROVIDE (__tls_start = __tdata_start)
                [!provide]                        PROVIDE (__tls_end = __tbss_end)
                [!provide]                        PROVIDE (__tls_size = (__tbss_end - __tdata_start))

rodata          0x0000000000004f40      0x1dc
 *(SORT_BY_ALIGNMENT(.rodata))
 *(SORT_BY_ALIGNMENT(.rodata.*))
 .rodata.delay_machine_code.0
                0x0000000000004f40        0x6 zephyr/soc/soc/nrf52840/libsoc__nordic.a(soc.c.obj)
 *fill*         0x0000000000004f46        0x2 
 .rodata.led_states
                0x0000000000004f48       0x18 app/libapp.a(main.c.obj)
 .rodata.mem_attr_region
                0x0000000000004f60        0x0 zephyr/libzephyr.a(mem_attr.c.obj)
 .rodata.static_regions
                0x0000000000004f60        0xc zephyr/arch/arch/arm/core/mpu/libarch__arm__core__mpu.a(arm_core_mpu.c.obj)
 .rodata.mpu_config
                0x0000000000004f6c        0x8 zephyr/arch/arch/arm/core/mpu/libarch__arm__core__mpu.a(arm_mpu_regions.c.obj)
                0x0000000000004f6c                mpu_config
 .rodata.mpu_regions
                0x0000000000004f74       0x18 zephyr/arch/arch/arm/core/mpu/libarch__arm__core__mpu.a(arm_mpu_regions.c.obj)
 .rodata.transitions.0
                0x0000000000004f8c        0xc zephyr/drivers/clock_control/libdrivers__clock_control.a(clock_control_nrf.c.obj)
 .rodata.config
                0x0000000000004f98       0x10 zephyr/drivers/clock_control/libdrivers__clock_control.a(clock_control_nrf.c.obj)
 .rodata.gpio_nrfx_p1_cfg
                0x0000000000004fa8       0x18 zephyr/drivers/gpio/libdrivers__gpio.a(gpio_nrfx.c.obj)
 .rodata.gpio_nrfx_p0_cfg
                0x0000000000004fc0       0x18 zephyr/drivers/gpio/libdrivers__gpio.a(gpio_nrfx.c.obj)
 .rodata.uarte_0z_config
                0x0000000000004fd8       0x20 zephyr/drivers/serial/libdrivers__serial.a(uart_nrfx_uarte.c.obj)
 .rodata.__pinctrl_dev_config__device_dts_ord_115
                0x0000000000004ff8        0xc zephyr/drivers/serial/libdrivers__serial.a(uart_nrfx_uarte.c.obj)
 .rodata.__pinctrl_states__device_dts_ord_115
                0x0000000000005004        0x8 zephyr/drivers/serial/libdrivers__serial.a(uart_nrfx_uarte.c.obj)
 .rodata.__pinctrl_state_pins_0__device_dts_ord_115
                0x000000000000500c       0x10 zephyr/drivers/serial/libdrivers__serial.a(uart_nrfx_uarte.c.obj)
 .rodata._btns  0x000000000000501c       0x10 modules/eie_nrf52840.git/drivers/BTN/lib..__eie_nrf52840.git__drivers__BTN.a(btn.c.obj)
 .rodata._leds  0x000000000000502c       0x10 modules/eie_nrf52840.git/drivers/LED/lib..__eie_nrf52840.git__drivers__LED.a(led.c.obj)
 .rodata.levels.0
                0x000000000000503c       0x18 zephyr/kernel/libkernel.a(init.c.obj)
 .rodata.cfg.0  0x0000000000005054        0xc zephyr/kernel/libkernel.a(system_work_q.c.obj)
 .rodata.str1.1
                0x0000000000005060        0xf zephyr/arch/arch/arm/core/mpu/libarch__arm__core__mpu.a(arm_mpu_regions.c.obj)
 .rodata.CSWTCH.5
                0x000000000000506f        0x6 zephyr/soc/soc/nrf52840/libsoc__nordic.a(soc.c.obj)
 .rodata.str1.1
                0x0000000000005075        0xf zephyr/drivers/clock_control/libdrivers__clock_control.a(clock_control_nrf.c.obj)
 .rodata.str1.1
                0x0000000000005084       0x1c zephyr/drivers/gpio/libdrivers__gpio.a(gpio_nrfx.c.obj)
 .rodata.drive_modes
                0x00000000000050a0        0x8 zephyr/drivers/pinctrl/libdrivers__pinctrl.a(pinctrl_nrf.c.obj)
 .rodata.str1.1
                0x00000000000050a8        0xe zephyr/drivers/serial/libdrivers__serial.a(uart_nrfx_uarte.c.obj)
 .rodata.CSWTCH.14
                0x00000000000050b6        0x6 modules/hal_nordic/nrfx/libmodules__hal_nordic__nrfx.a(system_nrf52840.c.obj)
 .rodata.CSWTCH.5
                0x00000000000050bc        0x6 modules/hal_nordic/nrfx/libmodules__hal_nordic__nrfx.a(system_nrf52840.c.obj)
 .rodata.port_offset.1
                0x00000000000050c2       0x10 modules/hal_nordic/nrfx/libmodules__hal_nordic__nrfx.a(nrfx_gpiote.c.obj)
 .rodata.ports  0x00000000000050d2        0x2 modules/hal_nordic/nrfx/libmodules__hal_nordic__nrfx.a(nrfx_gpiote.c.obj)
 .rodata.z_cstart.str1.1
                0x00000000000050d4        0x5 zephyr/kernel/libkernel.a(init.c.obj)
 .rodata.boot_banner.str1.1
                0x00000000000050d9       0x28 zephyr/kernel/libkernel.a(banner.c.obj)
 .rodata.str1.1
                0x0000000000005101        0x9 zephyr/kernel/libkernel.a(system_work_q.c.obj)
 .rodata.__l_vfprintf.str1.1
                0x000000000000510a        0xf c:\users\ysama\zephyr-sdk-0.17.2\arm-zephyr-eabi\bin\../lib/gcc/../../picolibc/arm-zephyr-eabi/lib/thumb/v7e-m/nofp\libc.a(libc_tinystdio_vflprintf.c.o)
 *(SORT_BY_ALIGNMENT(.gnu.linkonce.r.*))
                0x000000000000511c                . = ALIGN (0x4)
 *fill*         0x0000000000005119        0x3 

/DISCARD/
 *(SORT_BY_ALIGNMENT(.eh_frame))
                0x000000000000511c                __rodata_region_end = .
                0x0000000000005120                . = ALIGN (_region_min_align)
                0x0000000000008000                . = ALIGN ((0x1 << LOG2CEIL ((__rodata_region_end - ADDR (rom_start)))))
                0x0000000000008000                __rom_region_end = ((__rom_region_start + .) - ADDR (rom_start))

/DISCARD/